2026-09-08 07:39:40,369 [INFO] Activator:177 - 


2026-09-08 07:39:40,371 [INFO] Activator:178 - !SESSION log4j initialized
2026-09-08 07:39:45,829 [INFO] McuFinderGlobals:39 - Set McuFinder mode to 2 (CubeIDE integrated)
2026-09-08 07:39:46,463 [INFO] ApplicationProperties:181 - Using Application install path: D:\HuyKhanhGoc\STM1.7\STM32CubeIDE_1.7.0\STM32CubeIDE\plugins\com.st.stm32cube.common.mx_6.3.0.202107141111
2026-09-08 07:39:46,478 [INFO] DbMcusXml:74 - Set database path to: D:\HuyKhanhGoc\STM1.7\STM32CubeIDE_1.7.0\STM32CubeIDE\plugins\com.st.stm32cube.common.mx_6.3.0.202107141111\\db\/mcu/
2026-09-08 07:39:46,484 [INFO] DbBoardsPdsc:56 - Set plugin database path to: D:\HuyKhanhGoc\STM1.7\STM32CubeIDE_1.7.0\STM32CubeIDE\plugins\com.st.stm32cube.common.mx_6.3.0.202107141111\\db\/plugins/boardmanager/
2026-09-08 07:39:46,484 [INFO] DbMcus:258 - Set plugin images path to: D:\HuyKhanhGoc\STM1.7\STM32CubeIDE_1.7.0\STM32CubeIDE\plugins\com.st.stm32cube.common.mx_6.3.0.202107141111\\db\/plugins/mcufinder/images/
2026-09-08 07:39:46,484 [INFO] DbBoards:264 - Set plugin images path to: D:\HuyKhanhGoc\STM1.7\STM32CubeIDE_1.7.0\STM32CubeIDE\plugins\com.st.stm32cube.common.mx_6.3.0.202107141111\\db\/plugins/mcufinder/images/
2026-09-08 07:39:46,487 [INFO] DbExamples:333 - Set plugin images path to: D:\HuyKhanhGoc\STM1.7\STM32CubeIDE_1.7.0\STM32CubeIDE\plugins\com.st.stm32cube.common.mx_6.3.0.202107141111\\db\/plugins/mcufinder/images/
2026-09-08 07:39:46,497 [INFO] DbMcusAds:119 - Set database path to: C:\Users\Admin\.stmcufinder\plugins\mcufinder//mcu/
2026-09-08 07:39:46,499 [INFO] DbMcusDocs:110 - Set database path to: C:\Users\Admin\.stmcufinder\plugins\mcufinder//mcu/
2026-09-08 07:39:46,502 [INFO] DbMcusJson:64 - Set database path to: C:\Users\Admin\.stmcufinder\plugins\mcufinder//mcu/
2026-09-08 07:39:46,503 [INFO] DbBoardsDocs:110 - Set database path to: C:\Users\Admin\.stmcufinder\plugins\mcufinder//mcu/
2026-09-08 07:39:46,504 [INFO] DbBoardsJson:57 - Set database path to: C:\Users\Admin\.stmcufinder\plugins\mcufinder//mcu/
2026-09-08 07:39:46,508 [INFO] CrossReferenceDbSqlite:196 - Set database path to: C:\Users\Admin\.stmcufinder\plugins\mcufinder//mcu/cs/
2026-09-08 07:39:46,511 [INFO] DbExamplesSqlite:767 - Set database path to: C:\Users\Admin\.stmcufinder\plugins\mcufinder//mcu/
2026-09-08 07:39:46,607 [INFO] RulesReader:57 - Compatibility file has been processed (242 Rules)
2026-09-08 07:39:46,700 [INFO] DbMcusXml:74 - Set database path to: D:\HuyKhanhGoc\STM1.7\STM32CubeIDE_1.7.0\STM32CubeIDE\plugins\com.st.stm32cube.common.mx_6.3.0.202107141111\\db\/mcu/
2026-09-08 07:39:46,701 [INFO] DbBoardsPdsc:56 - Set plugin database path to: D:\HuyKhanhGoc\STM1.7\STM32CubeIDE_1.7.0\STM32CubeIDE\plugins\com.st.stm32cube.common.mx_6.3.0.202107141111\\db\/plugins/boardmanager/
2026-09-08 07:39:46,701 [INFO] DbMcus:258 - Set plugin images path to: D:\HuyKhanhGoc\STM1.7\STM32CubeIDE_1.7.0\STM32CubeIDE\plugins\com.st.stm32cube.common.mx_6.3.0.202107141111\\db\/plugins/mcufinder/images/
2026-09-08 07:39:46,701 [INFO] DbBoards:264 - Set plugin images path to: D:\HuyKhanhGoc\STM1.7\STM32CubeIDE_1.7.0\STM32CubeIDE\plugins\com.st.stm32cube.common.mx_6.3.0.202107141111\\db\/plugins/mcufinder/images/
2026-09-08 07:39:46,701 [INFO] DbExamples:333 - Set plugin images path to: D:\HuyKhanhGoc\STM1.7\STM32CubeIDE_1.7.0\STM32CubeIDE\plugins\com.st.stm32cube.common.mx_6.3.0.202107141111\\db\/plugins/mcufinder/images/
2026-09-08 07:39:46,701 [WARN] DbFile:35 - Overriding database path with different value: C:\Users\Admin\.stmcufinder\plugins\mcufinder/ => C:\Users\Admin\.stmcufinder\plugins\mcufinder
2026-09-08 07:39:46,701 [INFO] DbMcusAds:119 - Set database path to: C:\Users\Admin\.stmcufinder\plugins\mcufinder//mcu/
2026-09-08 07:39:46,701 [WARN] DbFile:35 - Overriding database path with different value: C:\Users\Admin\.stmcufinder\plugins\mcufinder/ => C:\Users\Admin\.stmcufinder\plugins\mcufinder
2026-09-08 07:39:46,701 [INFO] DbMcusDocs:110 - Set database path to: C:\Users\Admin\.stmcufinder\plugins\mcufinder//mcu/
2026-09-08 07:39:46,701 [WARN] DbFile:35 - Overriding database path with different value: C:\Users\Admin\.stmcufinder\plugins\mcufinder/ => C:\Users\Admin\.stmcufinder\plugins\mcufinder
2026-09-08 07:39:46,702 [INFO] DbMcusJson:64 - Set database path to: C:\Users\Admin\.stmcufinder\plugins\mcufinder//mcu/
2026-09-08 07:39:46,702 [WARN] DbFile:35 - Overriding database path with different value: C:\Users\Admin\.stmcufinder\plugins\mcufinder/ => C:\Users\Admin\.stmcufinder\plugins\mcufinder
2026-09-08 07:39:46,702 [INFO] DbBoardsDocs:110 - Set database path to: C:\Users\Admin\.stmcufinder\plugins\mcufinder//mcu/
2026-09-08 07:39:46,702 [WARN] DbFile:35 - Overriding database path with different value: C:\Users\Admin\.stmcufinder\plugins\mcufinder/ => C:\Users\Admin\.stmcufinder\plugins\mcufinder
2026-09-08 07:39:46,702 [INFO] DbBoardsJson:57 - Set database path to: C:\Users\Admin\.stmcufinder\plugins\mcufinder//mcu/
2026-09-08 07:39:46,702 [WARN] DbFile:35 - Overriding database path with different value: C:\Users\Admin\.stmcufinder\plugins\mcufinder/ => C:\Users\Admin\.stmcufinder\plugins\mcufinder
2026-09-08 07:39:46,702 [WARN] DbFile:35 - Overriding database path with different value: C:\Users\Admin\.stmcufinder\plugins\mcufinder/ => C:\Users\Admin\.stmcufinder\plugins\mcufinder
2026-09-08 07:39:46,702 [INFO] CrossReferenceDbSqlite:196 - Set database path to: C:\Users\Admin\.stmcufinder\plugins\mcufinder//mcu/cs/
2026-09-08 07:39:46,702 [WARN] DbFile:35 - Overriding database path with different value: C:\Users\Admin\.stmcufinder\plugins\mcufinder/ => C:\Users\Admin\.stmcufinder\plugins\mcufinder
2026-09-08 07:39:46,702 [INFO] DbExamplesSqlite:767 - Set database path to: C:\Users\Admin\.stmcufinder\plugins\mcufinder//mcu/
2026-09-08 07:39:46,776 [INFO] MainPanel:214 - HeapMemory: 268435456
2026-09-08 07:39:46,867 [INFO] DbMcusXml:74 - Set database path to: D:\HuyKhanhGoc\STM1.7\STM32CubeIDE_1.7.0\STM32CubeIDE\plugins\com.st.stm32cube.common.mx_6.3.0.202107141111\\db\/mcu/
2026-09-08 07:39:46,868 [INFO] DbBoardsPdsc:56 - Set plugin database path to: D:\HuyKhanhGoc\STM1.7\STM32CubeIDE_1.7.0\STM32CubeIDE\plugins\com.st.stm32cube.common.mx_6.3.0.202107141111\\db\/plugins/boardmanager/
2026-09-08 07:39:46,868 [INFO] DbMcus:258 - Set plugin images path to: D:\HuyKhanhGoc\STM1.7\STM32CubeIDE_1.7.0\STM32CubeIDE\plugins\com.st.stm32cube.common.mx_6.3.0.202107141111\\db\/plugins/mcufinder/images/
2026-09-08 07:39:46,868 [INFO] DbBoards:264 - Set plugin images path to: D:\HuyKhanhGoc\STM1.7\STM32CubeIDE_1.7.0\STM32CubeIDE\plugins\com.st.stm32cube.common.mx_6.3.0.202107141111\\db\/plugins/mcufinder/images/
2026-09-08 07:39:46,868 [INFO] DbExamples:333 - Set plugin images path to: D:\HuyKhanhGoc\STM1.7\STM32CubeIDE_1.7.0\STM32CubeIDE\plugins\com.st.stm32cube.common.mx_6.3.0.202107141111\\db\/plugins/mcufinder/images/
2026-09-08 07:39:46,868 [WARN] DbFile:35 - Overriding database path with different value: C:\Users\Admin\.stmcufinder\plugins\mcufinder/ => C:\Users\Admin\.stmcufinder\plugins\mcufinder
2026-09-08 07:39:46,868 [INFO] DbMcusAds:119 - Set database path to: C:\Users\Admin\.stmcufinder\plugins\mcufinder//mcu/
2026-09-08 07:39:46,869 [WARN] DbFile:35 - Overriding database path with different value: C:\Users\Admin\.stmcufinder\plugins\mcufinder/ => C:\Users\Admin\.stmcufinder\plugins\mcufinder
2026-09-08 07:39:46,869 [INFO] DbMcusDocs:110 - Set database path to: C:\Users\Admin\.stmcufinder\plugins\mcufinder//mcu/
2026-09-08 07:39:46,869 [WARN] DbFile:35 - Overriding database path with different value: C:\Users\Admin\.stmcufinder\plugins\mcufinder/ => C:\Users\Admin\.stmcufinder\plugins\mcufinder
2026-09-08 07:39:46,869 [INFO] DbMcusJson:64 - Set database path to: C:\Users\Admin\.stmcufinder\plugins\mcufinder//mcu/
2026-09-08 07:39:46,869 [WARN] DbFile:35 - Overriding database path with different value: C:\Users\Admin\.stmcufinder\plugins\mcufinder/ => C:\Users\Admin\.stmcufinder\plugins\mcufinder
2026-09-08 07:39:46,869 [INFO] DbBoardsDocs:110 - Set database path to: C:\Users\Admin\.stmcufinder\plugins\mcufinder//mcu/
2026-09-08 07:39:46,869 [WARN] DbFile:35 - Overriding database path with different value: C:\Users\Admin\.stmcufinder\plugins\mcufinder/ => C:\Users\Admin\.stmcufinder\plugins\mcufinder
2026-09-08 07:39:46,869 [INFO] DbBoardsJson:57 - Set database path to: C:\Users\Admin\.stmcufinder\plugins\mcufinder//mcu/
2026-09-08 07:39:46,869 [WARN] DbFile:35 - Overriding database path with different value: C:\Users\Admin\.stmcufinder\plugins\mcufinder/ => C:\Users\Admin\.stmcufinder\plugins\mcufinder
2026-09-08 07:39:46,869 [WARN] DbFile:35 - Overriding database path with different value: C:\Users\Admin\.stmcufinder\plugins\mcufinder/ => C:\Users\Admin\.stmcufinder\plugins\mcufinder
2026-09-08 07:39:46,869 [INFO] CrossReferenceDbSqlite:196 - Set database path to: C:\Users\Admin\.stmcufinder\plugins\mcufinder//mcu/cs/
2026-09-08 07:39:46,869 [WARN] DbFile:35 - Overriding database path with different value: C:\Users\Admin\.stmcufinder\plugins\mcufinder/ => C:\Users\Admin\.stmcufinder\plugins\mcufinder
2026-09-08 07:39:46,869 [INFO] DbExamplesSqlite:767 - Set database path to: C:\Users\Admin\.stmcufinder\plugins\mcufinder//mcu/
2026-09-08 07:39:46,890 [INFO] ApplicationProperties:181 - Using Application install path: D:\HuyKhanhGoc\STM1.7\STM32CubeIDE_1.7.0\STM32CubeIDE\plugins\com.st.stm32cube.common.mx_6.3.0.202107141111
2026-09-08 07:39:46,891 [INFO] PluginManage:188 - Search for loadable plugins [exclusion list=, ]
2026-09-08 07:39:46,892 [INFO] PluginManage:302 - Check plugin analytics
2026-09-08 07:39:47,025 [INFO] AnalyticsPlugin:257 - Accepted Software Licenses: 
2026-09-08 07:39:47,025 [INFO] AnalyticsPlugin:259 - Accepted CMSIS Pack Licenses: 
2026-09-08 07:39:47,025 [INFO] AnalyticsPlugin:261 - Accepted Firmware Licenses: 
2026-09-08 07:39:47,026 [INFO] PluginManage:352 - Loaded plugin analytics (category:tool,tabindex:-1)
2026-09-08 07:39:47,026 [INFO] PluginManage:302 - Check plugin clock
2026-09-08 07:39:47,050 [INFO] PluginManage:352 - Loaded plugin clock (category:base,tabindex:2)
2026-09-08 07:39:47,050 [INFO] PluginManage:302 - Check plugin ddr
2026-09-08 07:39:47,053 [INFO] PluginManage:352 - Loaded plugin ddr (category:tool,tabindex:6)
2026-09-08 07:39:47,053 [INFO] PluginManage:302 - Check plugin filemanager
2026-09-08 07:39:47,173 [INFO] PluginManage:352 - Loaded plugin filemanager (category:base,tabindex:10)
2026-09-08 07:39:47,173 [INFO] PluginManage:302 - Check plugin ipmanager
2026-09-08 07:39:47,182 [INFO] PluginManage:352 - Loaded plugin ipmanager (category:base,tabindex:5)
2026-09-08 07:39:47,182 [INFO] PluginManage:302 - Check plugin pinoutandconfiguration
2026-09-08 07:39:47,201 [INFO] PluginManage:352 - Loaded plugin pinoutandconfiguration (category:base,tabindex:1)
2026-09-08 07:39:47,202 [INFO] PluginManage:302 - Check plugin pinoutconfig
2026-09-08 07:39:47,237 [INFO] PluginManage:352 - Loaded plugin pinoutconfig (category:base,tabindex:0)
2026-09-08 07:39:47,237 [INFO] PluginManage:302 - Check plugin power
2026-09-08 07:39:47,261 [INFO] PluginManage:352 - Loaded plugin power (category:power,tabindex:4)
2026-09-08 07:39:47,261 [INFO] PluginManage:302 - Check plugin projectmanager
2026-09-08 07:39:47,280 [INFO] PluginManage:352 - Loaded plugin projectmanager (category:projectmanager,tabindex:3)
2026-09-08 07:39:47,280 [INFO] PluginManage:302 - Check plugin thirdparty
2026-09-08 07:39:47,571 [WARN] IntegrityCheckThread:78 - waiting for thirdparty lock release [integrity check]
2026-09-08 07:39:47,571 [INFO] PluginManage:352 - Loaded plugin thirdparty (category:base,tabindex:-1)
2026-09-08 07:39:47,572 [INFO] IntegrityCheckThread:80 - entering critical section [integrity check]
2026-09-08 07:39:47,572 [INFO] PluginManage:302 - Check plugin tools
2026-09-08 07:39:47,572 [INFO] ThirdPartyUpdaterWithRetryManager:66 - Updater plugin not ready yet. [1/15]
2026-09-08 07:39:47,653 [INFO] PluginManage:352 - Loaded plugin tools (category:base,tabindex:7)
2026-09-08 07:39:47,653 [INFO] PluginManage:302 - Check plugin tutovideos
2026-09-08 07:39:47,887 [INFO] PluginManage:352 - Loaded plugin tutovideos (category:base,tabindex:-1)
2026-09-08 07:39:47,888 [INFO] PluginManage:302 - Check plugin updater
2026-09-08 07:39:47,899 [INFO] PluginManage:352 - Loaded plugin updater (category:base,tabindex:12)
2026-09-08 07:39:47,900 [INFO] PluginManage:275 - PluginManage : Loaded plugins [13]
2026-09-08 07:39:48,096 [INFO] PinOutPanel:1463 - setPackage(No Configuration,No Configuration)
2026-09-08 07:39:48,203 [INFO] IPUIPlugin:74 - create IPUIPlugin
2026-09-08 07:39:48,203 [INFO] PluginManager:213 - loadIPPluginJar : add adc
2026-09-08 07:39:48,264 [INFO] IPUIPlugin:74 - create IPUIPlugin
2026-09-08 07:39:48,264 [INFO] PluginManager:213 - loadIPPluginJar : add aes
2026-09-08 07:39:48,323 [INFO] IPUIPlugin:74 - create IPUIPlugin
2026-09-08 07:39:48,323 [INFO] PluginManager:213 - loadIPPluginJar : add can
2026-09-08 07:39:48,366 [INFO] IPUIPlugin:74 - create IPUIPlugin
2026-09-08 07:39:48,366 [INFO] PluginManager:213 - loadIPPluginJar : add comp
2026-09-08 07:39:48,412 [INFO] IPUIPlugin:74 - create IPUIPlugin
2026-09-08 07:39:48,412 [INFO] PluginManager:213 - loadIPPluginJar : add cryp
2026-09-08 07:39:48,457 [INFO] IPUIPlugin:74 - create IPUIPlugin
2026-09-08 07:39:48,458 [INFO] PluginManager:213 - loadIPPluginJar : add dfsdm
2026-09-08 07:39:48,474 [INFO] IPUIPlugin:74 - create IPUIPlugin
2026-09-08 07:39:48,474 [INFO] PluginManager:213 - loadIPPluginJar : add dma
2026-09-08 07:39:48,534 [INFO] IPUIPlugin:74 - create IPUIPlugin
2026-09-08 07:39:48,534 [INFO] PluginManager:213 - loadIPPluginJar : add dma3
2026-09-08 07:39:48,575 [INFO] IPUIPlugin:74 - create IPUIPlugin
2026-09-08 07:39:48,575 [INFO] PluginManager:213 - loadIPPluginJar : add fatfs
2026-09-08 07:39:48,649 [INFO] IPUIPlugin:74 - create IPUIPlugin
2026-09-08 07:39:48,649 [INFO] PluginManager:213 - loadIPPluginJar : add fmc
2026-09-08 07:39:48,665 [INFO] IPUIPlugin:74 - create IPUIPlugin
2026-09-08 07:39:48,665 [INFO] PluginManager:213 - loadIPPluginJar : add freertos
2026-09-08 07:39:48,701 [INFO] IPUIPlugin:74 - create IPUIPlugin
2026-09-08 07:39:48,702 [INFO] PluginManager:213 - loadIPPluginJar : add genericplugin
2026-09-08 07:39:48,816 [INFO] IPUIPlugin:74 - create IPUIPlugin
2026-09-08 07:39:48,817 [INFO] PluginManager:213 - loadIPPluginJar : add gfxmmu
2026-09-08 07:39:48,978 [INFO] IPUIPlugin:74 - create IPUIPlugin
2026-09-08 07:39:48,978 [INFO] PluginManager:213 - loadIPPluginJar : add gic
2026-09-08 07:39:48,995 [INFO] IPUIPlugin:74 - create IPUIPlugin
2026-09-08 07:39:48,995 [INFO] PluginManager:213 - loadIPPluginJar : add gpio
2026-09-08 07:39:49,098 [INFO] IPUIPlugin:74 - create IPUIPlugin
2026-09-08 07:39:49,098 [INFO] PluginManager:213 - loadIPPluginJar : add gtzc
2026-09-08 07:39:49,143 [INFO] IPUIPlugin:74 - create IPUIPlugin
2026-09-08 07:39:49,143 [INFO] PluginManager:213 - loadIPPluginJar : add hash
2026-09-08 07:39:49,221 [INFO] IPUIPlugin:74 - create IPUIPlugin
2026-09-08 07:39:49,221 [INFO] PluginManager:213 - loadIPPluginJar : add i2c
2026-09-08 07:39:49,280 [INFO] IPUIPlugin:74 - create IPUIPlugin
2026-09-08 07:39:49,281 [INFO] PluginManager:213 - loadIPPluginJar : add i2s
2026-09-08 07:39:49,295 [INFO] IPUIPlugin:74 - create IPUIPlugin
2026-09-08 07:39:49,295 [INFO] PluginManager:213 - loadIPPluginJar : add ipddr
2026-09-08 07:39:49,402 [INFO] IPUIPlugin:74 - create IPUIPlugin
2026-09-08 07:39:49,402 [INFO] PluginManager:213 - loadIPPluginJar : add linkedlist
2026-09-08 07:39:49,462 [INFO] IPUIPlugin:74 - create IPUIPlugin
2026-09-08 07:39:49,462 [INFO] PluginManager:213 - loadIPPluginJar : add lorawan
2026-09-08 07:39:49,514 [INFO] IPUIPlugin:74 - create IPUIPlugin
2026-09-08 07:39:49,514 [INFO] PluginManager:213 - loadIPPluginJar : add ltdc
2026-09-08 07:39:49,527 [INFO] IPUIPlugin:74 - create IPUIPlugin
2026-09-08 07:39:49,527 [INFO] PluginManager:213 - loadIPPluginJar : add mdma
2026-09-08 07:39:49,542 [INFO] IPUIPlugin:74 - create IPUIPlugin
2026-09-08 07:39:49,542 [INFO] PluginManager:213 - loadIPPluginJar : add nvic
2026-09-08 07:39:49,593 [INFO] IPUIPlugin:74 - create IPUIPlugin
2026-09-08 07:39:49,593 [INFO] PluginManager:213 - loadIPPluginJar : add opamp
2026-09-08 07:39:49,673 [INFO] IPUIPlugin:74 - create IPUIPlugin
2026-09-08 07:39:49,673 [INFO] PluginManager:213 - loadIPPluginJar : add openamp
2026-09-08 07:39:49,739 [INFO] IPUIPlugin:74 - create IPUIPlugin
2026-09-08 07:39:49,739 [INFO] PluginManager:213 - loadIPPluginJar : add pdm2pcm
2026-09-08 07:39:49,756 [INFO] IPUIPlugin:74 - create IPUIPlugin
2026-09-08 07:39:49,759 [INFO] PluginManager:213 - loadIPPluginJar : add plateformsettings
2026-09-08 07:39:49,793 [INFO] IPUIPlugin:74 - create IPUIPlugin
2026-09-08 07:39:49,794 [INFO] PluginManager:213 - loadIPPluginJar : add quadspi
2026-09-08 07:39:49,808 [INFO] IPUIPlugin:74 - create IPUIPlugin
2026-09-08 07:39:49,808 [INFO] PluginManager:213 - loadIPPluginJar : add resmgrutility
2026-09-08 07:39:49,880 [INFO] IPUIPlugin:74 - create IPUIPlugin
2026-09-08 07:39:49,881 [INFO] PluginManager:213 - loadIPPluginJar : add sai
2026-09-08 07:39:49,937 [INFO] IPUIPlugin:74 - create IPUIPlugin
2026-09-08 07:39:49,937 [INFO] PluginManager:213 - loadIPPluginJar : add spi
2026-09-08 07:39:50,014 [INFO] IPUIPlugin:74 - create IPUIPlugin
2026-09-08 07:39:50,014 [INFO] PluginManager:213 - loadIPPluginJar : add stm32_wpan
2026-09-08 07:39:50,049 [INFO] IPUIPlugin:74 - create IPUIPlugin
2026-09-08 07:39:50,049 [INFO] PluginManager:213 - loadIPPluginJar : add tim
2026-09-08 07:39:50,148 [INFO] IPUIPlugin:74 - create IPUIPlugin
2026-09-08 07:39:50,148 [INFO] PluginManager:213 - loadIPPluginJar : add touchsensing
2026-09-08 07:39:50,210 [INFO] IPUIPlugin:74 - create IPUIPlugin
2026-09-08 07:39:50,210 [INFO] PluginManager:213 - loadIPPluginJar : add tracer_emb
2026-09-08 07:39:50,267 [INFO] IPUIPlugin:74 - create IPUIPlugin
2026-09-08 07:39:50,267 [INFO] PluginManager:213 - loadIPPluginJar : add ts
2026-09-08 07:39:50,311 [INFO] IPUIPlugin:74 - create IPUIPlugin
2026-09-08 07:39:50,311 [INFO] PluginManager:213 - loadIPPluginJar : add tsc
2026-09-08 07:39:50,350 [INFO] IPUIPlugin:74 - create IPUIPlugin
2026-09-08 07:39:50,350 [INFO] PluginManager:213 - loadIPPluginJar : add ucpd
2026-09-08 07:39:50,415 [INFO] IPUIPlugin:74 - create IPUIPlugin
2026-09-08 07:39:50,415 [INFO] PluginManager:213 - loadIPPluginJar : add usart
2026-09-08 07:39:50,469 [INFO] IPUIPlugin:74 - create IPUIPlugin
2026-09-08 07:39:50,469 [INFO] PluginManager:213 - loadIPPluginJar : add usbx
2026-09-08 07:39:50,585 [INFO] ThirdPartyUpdaterWithRetryManager:66 - Updater plugin not ready yet. [2/15]
2026-09-08 07:39:50,782 [FATAL] Updater:294 - Updater called before beeing initialized
2026-09-08 07:39:50,900 [FATAL] Updater:294 - Updater called before beeing initialized
2026-09-08 07:39:50,912 [INFO] DbMcusAds:47 - JSON generation date=Wed Jul 15 16:44:54 ICT 2026 (1784108694001)
2026-09-08 07:39:50,912 [FATAL] Updater:294 - Updater called before beeing initialized
2026-09-08 07:39:51,002 [WARN] DetailPanel:314 - Failed to get advertising image, set to default
2026-09-08 07:39:51,086 [FATAL] Updater:294 - Updater called before beeing initialized
2026-09-08 07:39:51,089 [FATAL] Updater:294 - Updater called before beeing initialized
2026-09-08 07:39:51,090 [FATAL] Updater:294 - Updater called before beeing initialized
2026-09-08 07:39:51,090 [WARN] DetailPanel:314 - Failed to get advertising image, set to default
2026-09-08 07:39:51,091 [FATAL] Updater:294 - Updater called before beeing initialized
2026-09-08 07:39:51,145 [ERROR] Updater:1075 - MainUpdater not yet initialized. External WinMGr cannot be set.
2026-09-08 07:39:51,158 [INFO] Updater:1012 - Updater Version found : 6.3.0
2026-09-08 07:39:51,198 [INFO] ApplicationProperties:181 - Using Application install path: D:\HuyKhanhGoc\STM1.7\STM32CubeIDE_1.7.0\STM32CubeIDE\plugins\com.st.stm32cube.common.mx_6.3.0.202107141111
2026-09-08 07:39:51,534 [INFO] MainUpdater:2671 - connection check result : 10
2026-09-08 07:39:51,535 [INFO] MainUpdater:265 - Updater Check For Update Now.
2026-09-08 07:39:51,535 [INFO] MicroXplorer:478 - Change Database Version : DB.6.0.30
2026-09-08 07:39:51,742 [INFO] CheckServerUpdateThread:112 - End of CheckServer Thread
2026-09-08 07:39:51,799 [INFO] MainUpdater:2671 - connection check result : 10
2026-09-08 07:39:51,837 [INFO] McuFinderGlobals:52 - Set McuFinderConnectedMode to true
2026-09-08 07:39:52,118 [INFO] ServerAccessManage:362 - Download File mcusAds.json._tmp_
2026-09-08 07:39:52,234 [INFO] LoadUrlFilesThread:145 - End of LoadUrlFiles Thread
2026-09-08 07:39:53,586 [WARN] MainUpdater:1122 - Updater busy. Cannot search thirdparties
2026-09-08 07:39:53,586 [INFO] ThirdPartyUpdaterWithRetryManager:92 - Updater plugin is busy. [1/15]
2026-09-08 07:39:56,594 [WARN] MainUpdater:1122 - Updater busy. Cannot search thirdparties
2026-09-08 07:39:56,594 [INFO] ThirdPartyUpdaterWithRetryManager:92 - Updater plugin is busy. [2/15]
2026-09-08 07:39:59,594 [WARN] MainUpdater:1122 - Updater busy. Cannot search thirdparties
2026-09-08 07:39:59,594 [INFO] ThirdPartyUpdaterWithRetryManager:92 - Updater plugin is busy. [3/15]
2026-09-08 07:40:02,604 [WARN] MainUpdater:1122 - Updater busy. Cannot search thirdparties
2026-09-08 07:40:02,604 [INFO] ThirdPartyUpdaterWithRetryManager:92 - Updater plugin is busy. [4/15]
2026-09-08 07:40:05,609 [WARN] MainUpdater:1122 - Updater busy. Cannot search thirdparties
2026-09-08 07:40:05,609 [INFO] ThirdPartyUpdaterWithRetryManager:92 - Updater plugin is busy. [5/15]
2026-09-08 07:40:08,615 [WARN] MainUpdater:1122 - Updater busy. Cannot search thirdparties
2026-09-08 07:40:08,615 [INFO] ThirdPartyUpdaterWithRetryManager:92 - Updater plugin is busy. [6/15]
2026-09-08 07:40:11,629 [WARN] MainUpdater:1122 - Updater busy. Cannot search thirdparties
2026-09-08 07:40:11,629 [INFO] ThirdPartyUpdaterWithRetryManager:92 - Updater plugin is busy. [7/15]
2026-09-08 07:40:12,641 [ERROR] ServerAccessManage:1016 - HTTP unexpected response (522) for https://stmcufinder.com/API/getFiles.php?
2026-09-08 07:40:12,642 [ERROR] ServerAccessManage:531 - Error during Access to HTTP Server. : mcusDocs.json._tmp_.
2026-09-08 07:40:14,639 [WARN] MainUpdater:1122 - Updater busy. Cannot search thirdparties
2026-09-08 07:40:14,639 [INFO] ThirdPartyUpdaterWithRetryManager:92 - Updater plugin is busy. [8/15]
2026-09-08 07:40:15,333 [INFO] LoadUrlFilesThread:145 - End of LoadUrlFiles Thread
2026-09-08 07:40:16,405 [INFO] DbMcusAds:47 - JSON generation date=Wed Jul 15 16:44:54 ICT 2026 (1784108694001)
2026-09-08 07:40:16,437 [INFO] DbMcusDocs:143 - JSON generation date=Mon Jun 07 15:53:21 ICT 2021 (1623056001)
2026-09-08 07:40:16,438 [INFO] DbMcusXml:100 - Load MCU database from D:\HuyKhanhGoc\STM1.7\STM32CubeIDE_1.7.0\STM32CubeIDE\plugins\com.st.stm32cube.common.mx_6.3.0.202107141111\\db\/mcu/families.xml
2026-09-08 07:40:17,249 [INFO] DbMcusJson:93 - JSON generation date=Mon Jun 07 15:53:21 ICT 2021 (1623056001)
2026-09-08 07:40:18,036 [WARN] PackLoader:238 - Cannot read IP mode file for STMicroelectronics.X-CUBE-AZRTOS-H7.3.5.0
2026-09-08 07:40:18,074 [INFO] DbMcus:175 - Found 1951 MCUs (1903 are supported by CubeMX, 1903 are visible in CubeMX)
2026-09-08 07:40:18,075 [INFO] ApiDb:251 - Load user favorites file C:\Users\Admin/.stm32cubeide/favorites.mcus.txt: 0 item(s)
2026-09-08 07:40:18,075 [WARN] PackLoader:238 - Cannot read IP mode file for STMicroelectronics.FP-ATR-ASTRA1.2.0.3
2026-09-08 07:40:18,075 [INFO] ApiDb:255 - User favorites MCUs=[]
2026-09-08 07:40:18,075 [INFO] DbMcus:187 - Set 0 / 0 favorites MCUs
2026-09-08 07:40:18,095 [ERROR] Engine:463 - C:\Users\Admin\.stm32cubemx\thirdparties\pdsc\STMicroelectronics.X-CUBE-SMBUS.2.1.1.pdsc: PDSC version is not supported
2026-09-08 07:40:18,142 [WARN] PackLoader:238 - Cannot read IP mode file for STMicroelectronics.X-CUBE-AZRTOS-F7.1.1.0
2026-09-08 07:40:18,170 [ERROR] Engine:463 - C:\Users\Admin\.stm32cubemx\thirdparties\pdsc\STMicroelectronics.X-CUBE-FREERTOS.1.6.0.pdsc: PDSC version is not supported
2026-09-08 07:40:18,195 [ERROR] Engine:463 - C:\Users\Admin\.stm32cubemx\thirdparties\pdsc\STMicroelectronics.FP-SNS-MOTENV1.5.1.0.pdsc: PDSC version is not supported
2026-09-08 07:40:18,249 [WARN] PackLoader:238 - Cannot read IP mode file for STMicroelectronics.X-CUBE-AZRTOS-H7RS.1.3.0
2026-09-08 07:40:18,270 [ERROR] Engine:463 - C:\Users\Admin\.stm32cubemx\thirdparties\pdsc\WES.I-CUBE-Cesium.1.4.0.pdsc: PDSC version is not supported
2026-09-08 07:40:18,284 [ERROR] Engine:463 - C:\Users\Admin\.stm32cubemx\thirdparties\pdsc\STMicroelectronics.X-CUBE-DISPLAY.3.0.0.pdsc: PDSC version is not supported
2026-09-08 07:40:18,301 [WARN] PackLoader:238 - Cannot read IP mode file for STMicroelectronics.X-CUBE-GNSS1.7.1.1
2026-09-08 07:40:18,318 [ERROR] Engine:463 - C:\Users\Admin\.stm32cubemx\thirdparties\pdsc\STMicroelectronics.FP-SNS-MOTENVWB1.1.5.0.pdsc: PDSC version is not supported
2026-09-08 07:40:18,343 [WARN] PackLoader:238 - Cannot read IP mode file for STMicroelectronics.X-CUBE-NFC10.1.0.0
2026-09-08 07:40:18,359 [ERROR] Engine:463 - C:\Users\Admin\.stm32cubemx\thirdparties\pdsc\STMicroelectronics.X-CUBE-ST60.1.1.0.pdsc: PDSC version is not supported
2026-09-08 07:40:18,373 [ERROR] Engine:463 - C:\Users\Admin\.stm32cubemx\thirdparties\pdsc\emotas.I-CUBE-CANOPEN.1.3.0.pdsc: PDSC version is not supported
2026-09-08 07:40:18,387 [WARN] PackLoader:238 - Cannot read IP mode file for wolfSSL.I-CUBE-wolfSSL.5.9.2
2026-09-08 07:40:18,404 [ERROR] Engine:463 - C:\Users\Admin\.stm32cubemx\thirdparties\pdsc\STMicroelectronics.X-CUBE-WBA.1.1.0.pdsc: PDSC version is not supported
2026-09-08 07:40:18,421 [ERROR] Engine:463 - C:\Users\Admin\.stm32cubemx\thirdparties\pdsc\STMicroelectronics.FP-SNS-STBOX1.2.1.0.pdsc: PDSC version is not supported
2026-09-08 07:40:18,436 [ERROR] Engine:463 - C:\Users\Admin\.stm32cubemx\thirdparties\pdsc\STMicroelectronics.FP-SNS-SMARTAG2.1.2.0.pdsc: PDSC version is not supported
2026-09-08 07:40:18,449 [ERROR] Engine:463 - C:\Users\Admin\.stm32cubemx\thirdparties\pdsc\STMicroelectronics.FP-SNS-FLIGHT1.5.1.0.pdsc: PDSC version is not supported
2026-09-08 07:40:18,475 [INFO] LogOutputStream:76 - [STDOUT_REDIRECT] 1 : Invalid condition id : UX_CORESTACK_Condition cause : null
2026-09-08 07:40:18,476 [INFO] LogOutputStream:76 - [STDOUT_REDIRECT] 1 : Invalid condition id : UX_CORESTACK_Condition cause : null
2026-09-08 07:40:18,477 [INFO] LogOutputStream:76 - [STDOUT_REDIRECT] 1 : Invalid condition id : UX_CORESTACK_Condition cause : null
2026-09-08 07:40:18,478 [INFO] LogOutputStream:76 - [STDOUT_REDIRECT] 1 : Invalid condition id : UX_CORESTACK_Condition cause : null
2026-09-08 07:40:18,480 [INFO] LogOutputStream:76 - [STDOUT_REDIRECT] 1 : Invalid condition id : UX_CORESTACK_Condition cause : null
2026-09-08 07:40:18,484 [WARN] PackLoader:238 - Cannot read IP mode file for STMicroelectronics.X-CUBE-AZRTOS-WL.2.0.0
2026-09-08 07:40:18,516 [WARN] PackLoader:238 - Cannot read IP mode file for STMicroelectronics.X-CUBE-BLE2.3.3.0
2026-09-08 07:40:18,530 [ERROR] Engine:463 - C:\Users\Admin\.stm32cubemx\thirdparties\pdsc\Avnet-IOTCONNECT.X-CUBE-iotc-st67-sdk.1.0.0.pdsc: PDSC version is not supported
2026-09-08 07:40:18,558 [ERROR] Engine:463 - C:\Users\Admin\.stm32cubemx\thirdparties\pdsc\Infineon.AIROC-Wi-Fi-Bluetooth-STM32.1.8.0.pdsc: PDSC version is not supported
2026-09-08 07:40:18,580 [WARN] PackLoader:238 - Cannot read IP mode file for STMicroelectronics.X-CUBE-NFC9.1.0.0
2026-09-08 07:40:18,603 [WARN] PackLoader:238 - Cannot read IP mode file for STMicroelectronics.X-CUBE-BLE1.7.1.0
2026-09-08 07:40:18,619 [WARN] PackLoader:238 - Cannot read IP mode file for wolfSSL.I-CUBE-wolfMQTT.1.19.2
2026-09-08 07:40:18,648 [WARN] PackLoader:238 - Cannot read IP mode file for STMicroelectronics.X-CUBE-EEPRMA1.5.2.0
2026-09-08 07:40:18,670 [ERROR] Engine:463 - C:\Users\Admin\.stm32cubemx\thirdparties\pdsc\STMicroelectronics.FP-SNS-STAIOTCFT.1.1.0.pdsc: PDSC version is not supported
2026-09-08 07:40:18,705 [WARN] PackLoader:238 - Cannot read IP mode file for STMicroelectronics.X-CUBE-AZRTOS-G0.1.1.0
2026-09-08 07:40:18,705 [INFO] DbMcusDocs:79 - Found 669 MCUs documents
2026-09-08 07:40:18,706 [INFO] ApiDb:276 - Save user favorites file C:\Users\Admin/.stm32cubeide/favorites.mcus.txt: 0 item(s)
2026-09-08 07:40:18,706 [INFO] ApiDb:280 - User favorites MCUs=[]
2026-09-08 07:40:18,706 [INFO] DbMcusXml:100 - Load MCU database from D:\HuyKhanhGoc\STM1.7\STM32CubeIDE_1.7.0\STM32CubeIDE\plugins\com.st.stm32cube.common.mx_6.3.0.202107141111\\db\/mcu/families.xml
2026-09-08 07:40:18,723 [WARN] PackLoader:238 - Cannot read IP mode file for STMicroelectronics.X-CUBE-NFC4.3.0.0
2026-09-08 07:40:18,740 [ERROR] Engine:463 - C:\Users\Admin\.stm32cubemx\thirdparties\pdsc\EmbeddedOffice.I-CUBE-FS-RTOS.1.0.1.pdsc: PDSC version is not supported
2026-09-08 07:40:18,752 [WARN] PackLoader:238 - Cannot read IP mode file for wolfSSL.I-CUBE-wolfTPM.3.8.0
2026-09-08 07:40:18,763 [ERROR] Engine:463 - C:\Users\Admin\.stm32cubemx\thirdparties\pdsc\STMicroelectronics.X-CUBE-TCPP.4.2.0.pdsc: PDSC version is not supported
2026-09-08 07:40:18,775 [ERROR] Engine:463 - C:\Users\Admin\.stm32cubemx\thirdparties\pdsc\RealThread.X-CUBE-RT-Thread_Nano.4.1.1.pdsc: PDSC version is not supported
2026-09-08 07:40:18,788 [WARN] PackLoader:238 - Cannot read IP mode file for STMicroelectronics.FP-ATR-SIGFOX1.3.2.0
2026-09-08 07:40:18,803 [ERROR] Engine:463 - C:\Users\Admin\.stm32cubemx\thirdparties\pdsc\ITTIA_DB.I-CUBE-ITTIADB.8.9.0.pdsc: PDSC version is not supported
2026-09-08 07:40:18,818 [ERROR] Engine:463 - C:\Users\Admin\.stm32cubemx\thirdparties\pdsc\Cesanta.I-CUBE-Mongoose.7.21.7.pdsc: PDSC version is not supported
2026-09-08 07:40:18,836 [WARN] PackLoader:238 - Cannot read IP mode file for STMicroelectronics.X-CUBE-NFC6.3.2.0
2026-09-08 07:40:18,870 [WARN] PackLoader:238 - Cannot read IP mode file for STMicroelectronics.X-CUBE-AI.10.2.1
2026-09-08 07:40:18,959 [WARN] PackLoader:238 - Cannot read IP mode file for SEGGER.I-CUBE-embOS.1.3.1
2026-09-08 07:40:19,047 [ERROR] Engine:463 - C:\Users\Admin\.stm32cubemx\thirdparties\pdsc\STMicroelectronics.FP-SNS-STAIOTCFT.2.0.0.pdsc: PDSC version is not supported
2026-09-08 07:40:19,075 [WARN] PackLoader:238 - Cannot read IP mode file for STMicroelectronics.X-CUBE-NFC13.1.0.0
2026-09-08 07:40:19,092 [WARN] PackLoader:238 - Cannot read IP mode file for STMicroelectronics.X-CUBE-PM33A1.1.0.0
2026-09-08 07:40:19,127 [WARN] PackLoader:238 - Cannot read IP mode file for STMicroelectronics.X-CUBE-AZRTOS-F4.1.1.0
2026-09-08 07:40:19,143 [WARN] PackLoader:238 - Cannot read IP mode file for STMicroelectronics.X-CUBE-ISPU.2.1.0
2026-09-08 07:40:19,163 [ERROR] Engine:463 - C:\Users\Admin\.stm32cubemx\thirdparties\pdsc\STMicroelectronics.X-CUBE-IPS.3.2.0.pdsc: PDSC version is not supported
2026-09-08 07:40:19,174 [ERROR] Engine:463 - C:\Users\Admin\.stm32cubemx\thirdparties\pdsc\STMicroelectronics.eDS-WB_DPC_TT-BIDIR.2.1.1.pdsc: PDSC version is not supported
2026-09-08 07:40:19,197 [WARN] PackLoader:238 - Cannot read IP mode file for STMicroelectronics.X-CUBE-NFC12.1.0.0
2026-09-08 07:40:19,228 [WARN] PackLoader:238 - Cannot read IP mode file for STMicroelectronics.X-CUBE-AZRTOS-L5.2.0.0
2026-09-08 07:40:19,281 [WARN] PackLoader:238 - Cannot read IP mode file for STMicroelectronics.X-CUBE-ALGOBUILD.1.5.0
2026-09-08 07:40:19,298 [ERROR] Engine:463 - C:\Users\Admin\.stm32cubemx\thirdparties\pdsc\STMicroelectronics.eDS-WB_DPC_VIENNA.1.2.0.pdsc: PDSC version is not supported
2026-09-08 07:40:19,382 [WARN] PackLoader:238 - Cannot read IP mode file for STMicroelectronics.X-CUBE-MEMS1.13.0.0
2026-09-08 07:40:19,547 [INFO] DbMcusJson:93 - JSON generation date=Mon Jun 07 15:53:21 ICT 2021 (1623056001)
2026-09-08 07:40:19,605 [ERROR] Engine:463 - C:\Users\Admin\.stm32cubemx\thirdparties\pdsc\STMicroelectronics.eDS-WB_DPC_3PH2L-BIDIR.1.1.1.pdsc: PDSC version is not supported
2026-09-08 07:40:19,620 [ERROR] Engine:463 - C:\Users\Admin\.stm32cubemx\thirdparties\pdsc\STMicroelectronics.X-CUBE-ST67W61.1.3.0.pdsc: PDSC version is not supported
2026-09-08 07:40:19,656 [WARN] PackLoader:238 - Cannot read IP mode file for STMicroelectronics.X-CUBE-TOUCHGFX.4.26.1
2026-09-08 07:40:19,671 [ERROR] Engine:463 - C:\Users\Admin\.stm32cubemx\thirdparties\pdsc\STMicroelectronics.X-CUBE-DPower.1.3.0.pdsc: PDSC version is not supported
2026-09-08 07:40:19,711 [WARN] ConditionMgr:437 - getConditionDescription Invalid condition id : LAN8742 Phy interface Condition cause : null
2026-09-08 07:40:19,713 [WARN] PackLoader:238 - Cannot read IP mode file for STMicroelectronics.X-CUBE-AZRTOS-L4.2.0.0
2026-09-08 07:40:19,714 [WARN] ConditionMgr:1038 - genDependencies : Invalid condition id : LAN8742 Phy interface Condition cause : null
2026-09-08 07:40:19,714 [WARN] ConditionMgr:1038 - genDependencies : Invalid condition id : LAN8742 Phy interface Condition cause : null
2026-09-08 07:40:19,715 [WARN] ConditionMgr:1038 - genDependencies : Invalid condition id : LAN8742 Phy interface Condition cause : null
2026-09-08 07:40:19,733 [WARN] PackLoader:238 - Cannot read IP mode file for STMicroelectronics.X-CUBE-SFXS2LP1.4.0.0
2026-09-08 07:40:19,747 [WARN] PackLoader:238 - Cannot read IP mode file for STMicroelectronics.X-CUBE-WB05N.2.1.0
2026-09-08 07:40:19,772 [WARN] ConditionMgr:437 - getConditionDescription Invalid condition id : UX DEVICE CLASS RTOS Condition cause : null
2026-09-08 07:40:19,772 [WARN] ConditionMgr:437 - getConditionDescription Invalid condition id : UX DEVICE CLASS RTOS Condition cause : null
2026-09-08 07:40:19,774 [WARN] PackLoader:238 - Cannot read IP mode file for STMicroelectronics.X-CUBE-AZRTOS-WB.2.0.0
2026-09-08 07:40:19,775 [WARN] ConditionMgr:1038 - genDependencies : Invalid condition id : UX DEVICE CLASS RTOS Condition cause : null
2026-09-08 07:40:19,775 [WARN] ConditionMgr:1038 - genDependencies : Invalid condition id : UX DEVICE CLASS RTOS Condition cause : null
2026-09-08 07:40:19,775 [WARN] ConditionMgr:1038 - genDependencies : Invalid condition id : UX DEVICE CLASS RTOS Condition cause : null
2026-09-08 07:40:19,775 [WARN] ConditionMgr:1038 - genDependencies : Invalid condition id : UX DEVICE CLASS RTOS Condition cause : null
2026-09-08 07:40:19,775 [WARN] ConditionMgr:1038 - genDependencies : Invalid condition id : UX DEVICE CLASS RTOS Condition cause : null
2026-09-08 07:40:19,805 [ERROR] Engine:463 - C:\Users\Admin\.stm32cubemx\thirdparties\pdsc\quantropi.X-CUBE-qispace-sdk-base.2.1.0.pdsc: PDSC version is not supported
2026-09-08 07:40:19,854 [WARN] PackLoader:238 - Cannot read IP mode file for STMicroelectronics.X-CUBE-STSE01.2.0.0
2026-09-08 07:40:19,893 [WARN] PackLoader:238 - Cannot read IP mode file for STMicroelectronics.X-CUBE-SUBG2.5.0.0
2026-09-08 07:40:19,942 [WARN] PackLoader:238 - Cannot read IP mode file for STMicroelectronics.X-CUBE-AZRTOS-G4.2.0.0
2026-09-08 07:40:19,962 [WARN] PackLoader:238 - Cannot read IP mode file for wolfSSL.I-CUBE-wolfSSH.1.4.20
2026-09-08 07:40:19,979 [WARN] PackLoader:238 - Cannot read IP mode file for STMicroelectronics.X-CUBE-NFC7.2.0.0
2026-09-08 07:40:20,009 [ERROR] Engine:463 - C:\Users\Admin\.stm32cubemx\thirdparties\pdsc\STMicroelectronics.X-CUBE-BLEMGR.4.2.0.pdsc: PDSC version is not supported
2026-09-08 07:40:20,024 [ERROR] Engine:463 - C:\Users\Admin\.stm32cubemx\thirdparties\pdsc\STMicroelectronics.X-CUBE-ALS.1.0.2.pdsc: PDSC version is not supported
2026-09-08 07:40:20,048 [ERROR] Engine:463 - C:\Users\Admin\.stm32cubemx\thirdparties\pdsc\STMicroelectronics.X-CUBE-TOF1.3.4.3.pdsc: PDSC version is not supported
2026-09-08 07:40:20,048 [INFO] ThirdParty:915 - Integrity check success = true
2026-09-08 07:40:20,049 [INFO] IntegrityCheckThread:94 - exiting critical section [integrity check]
2026-09-08 07:40:20,049 [INFO] IntegrityCheckThread:97 - End integrity checks thread
2026-09-08 07:40:20,272 [INFO] DbMcus:175 - Found 1951 MCUs (1903 are supported by CubeMX, 1903 are visible in CubeMX)
2026-09-08 07:40:20,273 [INFO] ApiDb:251 - Load user favorites file C:\Users\Admin/.stm32cubeide/favorites.mcus.txt: 0 item(s)
2026-09-08 07:40:20,273 [INFO] ApiDb:255 - User favorites MCUs=[]
2026-09-08 07:40:20,273 [INFO] DbMcus:187 - Set 0 / 0 favorites MCUs
2026-09-08 07:40:20,315 [INFO] DbBoardsDocs:143 - JSON generation date=Tue Jun 01 12:52:40 ICT 2021 (1622526760)
2026-09-08 07:40:20,344 [INFO] DbBoardsPdsc:90 - Found 25 items
2026-09-08 07:40:20,367 [INFO] DbBoardsPdsc:90 - Found 9 items
2026-09-08 07:40:20,397 [INFO] DbBoardsPdsc:90 - Found 33 items
2026-09-08 07:40:20,414 [INFO] DbBoardsPdsc:90 - Found 1 items
2026-09-08 07:40:20,443 [INFO] DbBoardsPdsc:90 - Found 48 items
2026-09-08 07:40:20,467 [INFO] DbBoardsPdsc:90 - Found 43 items
2026-09-08 07:40:20,485 [INFO] DbBoardsPdsc:90 - Found 2 items
2026-09-08 07:40:20,504 [INFO] DbBoardsPdsc:90 - Found 5 items
2026-09-08 07:40:20,509 [WARN] DbBoardsPdsc:254 - Board STM32H7B3I-DK: unknown feature type=Audio, name=, username=Audio stereo codec with Headphone Amp (CS42L51-CNZ), n=1
2026-09-08 07:40:20,509 [WARN] DbBoardsPdsc:254 - Board STM32H735G-DK: unknown feature type=Audio, name=, username=Audio stereo codec with Headphone Amp (WM8994ECS/R), n=1
2026-09-08 07:40:20,511 [WARN] DbBoardsPdsc:254 - Board STM32H7B3I-EVAL: unknown feature type=Audio, name=, username=Multi-Channel Audio Codec (CS42L51-CNZ), n=1
2026-09-08 07:40:20,511 [WARN] DbBoardsPdsc:254 - Board STM32H7B3I-EVAL: unknown feature type=Meter, name=, username=Power-metering and Temperature-monitoring with sigma-delta modulators, n=1
2026-09-08 07:40:20,512 [WARN] DbBoardsPdsc:254 - Board STM32H7B3I-EVAL: unknown feature type=Motor, name=, username=Motor Control, n=1
2026-09-08 07:40:20,512 [WARN] DbBoardsPdsc:254 - Board STM32U575I-EV: unknown feature type=joystick, name=, username=4-direction joystick with selection button, n=1
2026-09-08 07:40:20,537 [INFO] DbBoardsJson:86 - JSON generation date=Tue Jun 01 12:52:40 ICT 2021 (1622526760)
2026-09-08 07:40:20,541 [INFO] DbBoards:117 - Found 166 boards (163 are supported by CubeMX)
2026-09-08 07:40:20,555 [INFO] DbBoardsDocs:143 - JSON generation date=Tue Jun 01 12:52:40 ICT 2021 (1622526760)
2026-09-08 07:40:20,575 [INFO] DbBoardsDocs:79 - Found 193 boards documents
2026-09-08 07:40:20,576 [WARN] DbBoards:127 - board B-L462E-CELL1 has no document id list !
2026-09-08 07:40:20,576 [WARN] DbBoards:127 - board B-L475E-IOT01A2 has no document id list !
2026-09-08 07:40:20,576 [WARN] DbBoards:127 - board B-U585I-IOT02A has no document id list !
2026-09-08 07:40:20,578 [WARN] DbBoards:127 - board NUCLEO-G0B1RE has no document id list !
2026-09-08 07:40:20,578 [WARN] DbBoards:127 - board NUCLEO-H743ZI has no document id list !
2026-09-08 07:40:20,578 [WARN] DbBoards:127 - board NUCLEO-L4A6ZG has no document id list !
2026-09-08 07:40:20,578 [WARN] DbBoards:127 - board NUCLEO-U575ZI-Q has no document id list !
2026-09-08 07:40:20,578 [WARN] DbBoards:127 - board NUCLEO-WB15CC has no document id list !
2026-09-08 07:40:20,578 [WARN] DbBoards:127 - board NUCLEO-WB55RG has no document id list !
2026-09-08 07:40:20,579 [WARN] DbBoards:127 - board NUCLEO-WL55JC2 has no document id list !
2026-09-08 07:40:20,579 [WARN] DbBoards:127 - board P-NUCLEO-WB55-Nucleo has no document id list !
2026-09-08 07:40:20,579 [WARN] DbBoards:127 - board P-NUCLEO-WB55-USBDongle has no document id list !
2026-09-08 07:40:20,579 [WARN] DbBoards:127 - board STEVAL-BFA001V1B has no document id list !
2026-09-08 07:40:20,579 [WARN] DbBoards:127 - board STEVAL-BFA001V2B has no document id list !
2026-09-08 07:40:20,579 [WARN] DbBoards:127 - board STEVAL-IDP005V1 has no document id list !
2026-09-08 07:40:20,579 [WARN] DbBoards:127 - board STEVAL-IDP005V2 has no document id list !
2026-09-08 07:40:20,579 [WARN] DbBoards:127 - board STEVAL-MKSBOX1V1 has no document id list !
2026-09-08 07:40:20,579 [WARN] DbBoards:127 - board STEVAL-STWINKT1 has no document id list !
2026-09-08 07:40:20,579 [WARN] DbBoards:127 - board STEVAL-STWINKT1B has no document id list !
2026-09-08 07:40:20,579 [WARN] DbBoards:127 - board STM32F401C-DISCO has no document id list !
2026-09-08 07:40:20,580 [WARN] DbBoards:127 - board STM32F769I-DISC1 has no document id list !
2026-09-08 07:40:20,580 [WARN] DbBoards:127 - board STM32G0C1E-EV has no document id list !
2026-09-08 07:40:20,580 [WARN] DbBoards:127 - board STM32G474E-EVAL1 has no document id list !
2026-09-08 07:40:20,580 [WARN] DbBoards:127 - board STM32H743I-EVAL2 has no document id list !
2026-09-08 07:40:20,580 [WARN] DbBoards:127 - board STM32H747I-DISC1 has no document id list !
2026-09-08 07:40:20,580 [WARN] DbBoards:127 - board STM32H753I-EVAL2 has no document id list !
2026-09-08 07:40:20,581 [WARN] DbBoards:127 - board STM32L-DISCOVERY has no document id list !
2026-09-08 07:40:20,581 [WARN] DbBoards:127 - board STM32MP157A-DK1 has no document id list !
2026-09-08 07:40:20,581 [WARN] DbBoards:127 - board STM32MP157D-DK1 has no document id list !
2026-09-08 07:40:20,581 [WARN] DbBoards:127 - board STM32MP157D-EV1 has no document id list !
2026-09-08 07:40:20,581 [WARN] DbBoards:127 - board STM32MP157F-DK2 has no document id list !
2026-09-08 07:40:20,582 [WARN] DbBoards:127 - board STM32MP157F-EV1 has no document id list !
2026-09-08 07:40:20,582 [WARN] DbBoards:127 - board STM32U575I-EV has no document id list !
2026-09-08 07:40:20,582 [WARN] DbBoards:127 - board STM32WB5MM-DK has no document id list !
2026-09-08 07:40:22,857 [INFO] ApiDb:251 - Load user favorites file C:\Users\Admin/.stm32cubeide/favorites.boards.txt: 0 item(s)
2026-09-08 07:40:22,858 [INFO] ApiDb:255 - User favorites Boards=[]
2026-09-08 07:40:22,858 [INFO] DbBoards:206 - Set 0 / 0 favorites Boards
2026-09-08 07:40:22,873 [INFO] DbBoardsDocs:79 - Found 386 boards documents
2026-09-08 07:40:22,874 [INFO] ApiDb:276 - Save user favorites file C:\Users\Admin/.stm32cubeide/favorites.boards.txt: 0 item(s)
2026-09-08 07:40:22,874 [INFO] ApiDb:280 - User favorites Boards=[]
2026-09-08 07:40:22,878 [INFO] DbBoardsPdsc:90 - Found 25 items
2026-09-08 07:40:22,880 [INFO] DbBoardsPdsc:90 - Found 9 items
2026-09-08 07:40:22,884 [INFO] DbBoardsPdsc:90 - Found 33 items
2026-09-08 07:40:22,885 [INFO] DbBoardsPdsc:90 - Found 1 items
2026-09-08 07:40:22,889 [INFO] DbBoardsPdsc:90 - Found 48 items
2026-09-08 07:40:22,894 [INFO] DbBoardsPdsc:90 - Found 43 items
2026-09-08 07:40:22,895 [INFO] DbBoardsPdsc:90 - Found 2 items
2026-09-08 07:40:22,897 [INFO] DbBoardsPdsc:90 - Found 5 items
2026-09-08 07:40:22,900 [WARN] DbBoardsPdsc:254 - Board STM32H7B3I-DK: unknown feature type=Audio, name=, username=Audio stereo codec with Headphone Amp (CS42L51-CNZ), n=1
2026-09-08 07:40:22,900 [WARN] DbBoardsPdsc:254 - Board STM32H735G-DK: unknown feature type=Audio, name=, username=Audio stereo codec with Headphone Amp (WM8994ECS/R), n=1
2026-09-08 07:40:22,901 [WARN] DbBoardsPdsc:254 - Board STM32H7B3I-EVAL: unknown feature type=Audio, name=, username=Multi-Channel Audio Codec (CS42L51-CNZ), n=1
2026-09-08 07:40:22,901 [WARN] DbBoardsPdsc:254 - Board STM32H7B3I-EVAL: unknown feature type=Meter, name=, username=Power-metering and Temperature-monitoring with sigma-delta modulators, n=1
2026-09-08 07:40:22,901 [WARN] DbBoardsPdsc:254 - Board STM32H7B3I-EVAL: unknown feature type=Motor, name=, username=Motor Control, n=1
2026-09-08 07:40:22,902 [WARN] DbBoardsPdsc:254 - Board STM32U575I-EV: unknown feature type=joystick, name=, username=4-direction joystick with selection button, n=1
2026-09-08 07:40:22,918 [INFO] DbBoardsJson:86 - JSON generation date=Tue Jun 01 12:52:40 ICT 2021 (1622526760)
2026-09-08 07:40:22,923 [INFO] DbBoards:117 - Found 166 boards (163 are supported by CubeMX)
2026-09-08 07:40:22,923 [WARN] DbBoards:127 - board B-L462E-CELL1 has no document id list !
2026-09-08 07:40:22,923 [WARN] DbBoards:127 - board B-L475E-IOT01A2 has no document id list !
2026-09-08 07:40:22,923 [WARN] DbBoards:127 - board B-U585I-IOT02A has no document id list !
2026-09-08 07:40:22,924 [WARN] DbBoards:127 - board NUCLEO-G0B1RE has no document id list !
2026-09-08 07:40:22,924 [WARN] DbBoards:127 - board NUCLEO-H743ZI has no document id list !
2026-09-08 07:40:22,924 [WARN] DbBoards:127 - board NUCLEO-L4A6ZG has no document id list !
2026-09-08 07:40:22,924 [WARN] DbBoards:127 - board NUCLEO-U575ZI-Q has no document id list !
2026-09-08 07:40:22,924 [WARN] DbBoards:127 - board NUCLEO-WB15CC has no document id list !
2026-09-08 07:40:22,924 [WARN] DbBoards:127 - board NUCLEO-WB55RG has no document id list !
2026-09-08 07:40:22,924 [WARN] DbBoards:127 - board NUCLEO-WL55JC2 has no document id list !
2026-09-08 07:40:22,924 [WARN] DbBoards:127 - board P-NUCLEO-WB55-Nucleo has no document id list !
2026-09-08 07:40:22,924 [WARN] DbBoards:127 - board P-NUCLEO-WB55-USBDongle has no document id list !
2026-09-08 07:40:22,924 [WARN] DbBoards:127 - board STEVAL-BFA001V1B has no document id list !
2026-09-08 07:40:22,924 [WARN] DbBoards:127 - board STEVAL-BFA001V2B has no document id list !
2026-09-08 07:40:22,924 [WARN] DbBoards:127 - board STEVAL-IDP005V1 has no document id list !
2026-09-08 07:40:22,924 [WARN] DbBoards:127 - board STEVAL-IDP005V2 has no document id list !
2026-09-08 07:40:22,924 [WARN] DbBoards:127 - board STEVAL-MKSBOX1V1 has no document id list !
2026-09-08 07:40:22,924 [WARN] DbBoards:127 - board STEVAL-STWINKT1 has no document id list !
2026-09-08 07:40:22,924 [WARN] DbBoards:127 - board STEVAL-STWINKT1B has no document id list !
2026-09-08 07:40:22,925 [WARN] DbBoards:127 - board STM32F401C-DISCO has no document id list !
2026-09-08 07:40:22,925 [WARN] DbBoards:127 - board STM32F769I-DISC1 has no document id list !
2026-09-08 07:40:22,925 [WARN] DbBoards:127 - board STM32G0C1E-EV has no document id list !
2026-09-08 07:40:22,925 [WARN] DbBoards:127 - board STM32G474E-EVAL1 has no document id list !
2026-09-08 07:40:22,925 [WARN] DbBoards:127 - board STM32H743I-EVAL2 has no document id list !
2026-09-08 07:40:22,925 [WARN] DbBoards:127 - board STM32H747I-DISC1 has no document id list !
2026-09-08 07:40:22,925 [WARN] DbBoards:127 - board STM32H753I-EVAL2 has no document id list !
2026-09-08 07:40:22,925 [WARN] DbBoards:127 - board STM32L-DISCOVERY has no document id list !
2026-09-08 07:40:22,925 [WARN] DbBoards:127 - board STM32MP157A-DK1 has no document id list !
2026-09-08 07:40:22,925 [WARN] DbBoards:127 - board STM32MP157D-DK1 has no document id list !
2026-09-08 07:40:22,925 [WARN] DbBoards:127 - board STM32MP157D-EV1 has no document id list !
2026-09-08 07:40:22,925 [WARN] DbBoards:127 - board STM32MP157F-DK2 has no document id list !
2026-09-08 07:40:22,925 [WARN] DbBoards:127 - board STM32MP157F-EV1 has no document id list !
2026-09-08 07:40:22,925 [WARN] DbBoards:127 - board STM32U575I-EV has no document id list !
2026-09-08 07:40:22,925 [WARN] DbBoards:127 - board STM32WB5MM-DK has no document id list !
2026-09-08 07:40:24,132 [INFO] ApiDb:251 - Load user favorites file C:\Users\Admin/.stm32cubeide/favorites.boards.txt: 0 item(s)
2026-09-08 07:40:24,132 [INFO] ApiDb:255 - User favorites Boards=[]
2026-09-08 07:40:24,132 [INFO] DbBoards:206 - Set 0 / 0 favorites Boards
2026-09-08 07:40:24,133 [ERROR] TargetSelectorAdapter:232 - Unable to refresh data
2026-09-08 07:40:24,554 [INFO] McuFinderGlobals:52 - Set McuFinderConnectedMode to false
2026-09-08 07:40:24,645 [INFO] CrossSelectorPresenter:1330 - Cross Selector saved comparison directory: C:\Users\Admin\.stmcufinder\plugins\mcufinder\mcu\cs_comparisons_mx
2026-09-08 07:40:24,651 [INFO] MultiScanPanel:197 - Auto-refresh data requested => check proxy status ongoing
2026-09-08 07:40:24,651 [INFO] MultiScanPanel:201 - Proxy status is invalid
2026-09-08 07:40:24,653 [INFO] FinderPluginLoader:87 - Searching for filters in installed packs
2026-09-08 07:40:25,012 [WARN] DetailPanel:314 - Failed to get advertising image, set to default
2026-09-08 07:53:05,045 [INFO] MainUpdater:2671 - connection check result : 10
2026-09-08 07:53:05,046 [INFO] MainUpdater:2671 - connection check result : 10
2026-09-08 07:53:05,103 [INFO] MicroXplorer:448 - Change Database Path : 
2026-09-08 07:53:05,103 [INFO] MicroXplorer:478 - Change Database Version : DB.6.0.30
2026-09-08 07:53:05,103 [WARN] ThirdParty:813 - waiting for thirdparty lock release [close project]
2026-09-08 07:53:05,103 [INFO] ThirdParty:815 - entering critical section [close project]
2026-09-08 07:53:05,104 [INFO] ThirdParty:825 - exiting critical section [close project]
2026-09-08 07:53:05,107 [INFO] PinOutPanel:1463 - setPackage(No Configuration,No Configuration)
2026-09-08 07:53:05,108 [INFO] UtilMem:74 - Begin LoadConfig() Used Memory: 911600968 Bytes (1073741824)
2026-09-08 07:53:05,109 [INFO] MicroXplorer:448 - Change Database Path : 
2026-09-08 07:53:05,109 [INFO] MicroXplorer:478 - Change Database Version : DB.6.0.30
2026-09-08 07:53:05,109 [INFO] OpenFileManager:313 - Change cursor
2026-09-08 07:53:06,007 [INFO] Context:592 - Trying to add GPIOservice into a context  which must be forbidden
2026-09-08 07:53:06,253 [INFO] ImportTextPane:167 - (OptionalMessage_ERROR) Unable to find key (Mcu.ThirdPartyNb) in loaded IOC file
2026-09-08 07:53:06,253 [INFO] ImportTextPane:167 - (OptionalMessage_ERROR) Unable to find key (Mcu.PinsNb) in loaded IOC file
2026-09-08 07:53:06,253 [INFO] ImportTextPane:167 - (OptionalMessage_ERROR) Unable to find key (Mcu.IPNb) in loaded IOC file
2026-09-08 07:53:06,316 [WARN] ApiManager:304 - Cannot register API 'Board Extension:PM33A1' from pack STMicroelectronics.X-CUBE-PM33A1.1.0.0: no header file found
2026-09-08 07:53:06,319 [WARN] ApiManager:304 - Cannot register API 'Board Extension:NFC09A1' from pack STMicroelectronics.X-CUBE-NFC9.1.0.0: no header file found
2026-09-08 07:53:06,324 [WARN] ApiManager:304 - Cannot register API 'Wireless:BlueNRG-MS' from pack STMicroelectronics.X-CUBE-BLE1.7.1.0: no header file found
2026-09-08 07:53:06,326 [WARN] ApiManager:304 - Cannot register API 'Board Extension:EEPRMA2' from pack STMicroelectronics.X-CUBE-EEPRMA1.5.2.0: no header file found
2026-09-08 07:53:06,326 [WARN] ApiManager:304 - Cannot register API 'Board Extension:PGEEZ1' from pack STMicroelectronics.X-CUBE-EEPRMA1.5.2.0: no header file found
2026-09-08 07:53:06,326 [WARN] ApiManager:304 - Cannot register API 'Board Extension:EEICA1' from pack STMicroelectronics.X-CUBE-EEPRMA1.5.2.0: no header file found
2026-09-08 07:53:06,326 [WARN] ApiManager:304 - Cannot register API 'Board Part:M24' from pack STMicroelectronics.X-CUBE-EEPRMA1.5.2.0: no header file found
2026-09-08 07:53:06,326 [WARN] ApiManager:304 - Cannot register API 'Board Part:M95' from pack STMicroelectronics.X-CUBE-EEPRMA1.5.2.0: no header file found
2026-09-08 07:53:06,326 [WARN] ApiManager:304 - Cannot register API 'Board Part:M95P32' from pack STMicroelectronics.X-CUBE-EEPRMA1.5.2.0: no header file found
2026-09-08 07:53:06,326 [WARN] ApiManager:304 - Cannot register API 'Board Part:M24256E-F' from pack STMicroelectronics.X-CUBE-EEPRMA1.5.2.0: no header file found
2026-09-08 07:53:06,327 [WARN] ApiManager:304 - Cannot register API 'Board Part:M24M01E-F' from pack STMicroelectronics.X-CUBE-EEPRMA1.5.2.0: no header file found
2026-09-08 07:53:06,327 [WARN] ApiManager:304 - Cannot register API 'PGEEZ1:SPI' from pack STMicroelectronics.X-CUBE-EEPRMA1.5.2.0: no header file found
2026-09-08 07:53:06,327 [WARN] ApiManager:304 - Cannot register API 'PGEEZ1:QDSPI' from pack STMicroelectronics.X-CUBE-EEPRMA1.5.2.0: no header file found
2026-09-08 07:53:06,329 [WARN] ApiManager:304 - Cannot register API 'Board Extension:NFC12A1' from pack STMicroelectronics.X-CUBE-NFC12.1.0.0: no header file found
2026-09-08 07:53:06,338 [WARN] ApiManager:304 - Cannot register API 'Board Extension:SAFEA1' from pack STMicroelectronics.X-CUBE-STSE01.2.0.0: no header file found
2026-09-08 07:53:06,338 [WARN] ApiManager:304 - Cannot register API 'Board Extension:ESE01A1' from pack STMicroelectronics.X-CUBE-STSE01.2.0.0: no header file found
2026-09-08 07:53:06,338 [WARN] ApiManager:304 - Cannot register API 'Board Extension:ESE02A1' from pack STMicroelectronics.X-CUBE-STSE01.2.0.0: no header file found
2026-09-08 07:53:06,338 [WARN] ApiManager:304 - Cannot register API 'Board Part:STSAFEA110' from pack STMicroelectronics.X-CUBE-STSE01.2.0.0: no header file found
2026-09-08 07:53:06,338 [WARN] ApiManager:304 - Cannot register API 'Board Part:STSAFEA120' from pack STMicroelectronics.X-CUBE-STSE01.2.0.0: no header file found
2026-09-08 07:53:06,338 [WARN] ApiManager:304 - Cannot register API 'Board Part:STSAFEL010' from pack STMicroelectronics.X-CUBE-STSE01.2.0.0: no header file found
2026-09-08 07:53:06,338 [WARN] ApiManager:304 - Cannot register API 'Security:STM32_Cryptographic' from pack STMicroelectronics.X-CUBE-STSE01.2.0.0: no header file found
2026-09-08 07:53:06,339 [WARN] ApiManager:304 - Cannot register API 'Security:STSELib' from pack STMicroelectronics.X-CUBE-STSE01.2.0.0: no header file found
2026-09-08 07:53:06,342 [INFO] RtosManager:484 - Registered RTOS mode: class=CMSIS, group=RTOS, mode=CMSIS_V1, owner=FREERTOS
2026-09-08 07:53:06,342 [INFO] RtosManager:484 - Registered RTOS mode: class=CMSIS, group=RTOS2, mode=CMSIS_V2, owner=FREERTOS
2026-09-08 07:53:06,342 [INFO] RtosManager:484 - Registered RTOS mode: class=RTOS, group=Core, mode=CMSIS_V1, owner=FREERTOS
2026-09-08 07:53:06,342 [INFO] RtosManager:484 - Registered RTOS mode: class=RTOS, group=Core, mode=CMSIS_V2, owner=FREERTOS
2026-09-08 07:53:06,342 [WARN] ModelIntegratedComponent:181 - Missing modes for component STMicroelectronics:FreeRTOS:0.0.1:STMicroelectronics:RTOS:FreeRTOS:Core:::10.2.0:
2026-09-08 07:53:06,346 [WARN] ApiManager:304 - Cannot register API 'Board Extension:NFC04A1' from pack STMicroelectronics.X-CUBE-NFC4.3.0.0: no header file found
2026-09-08 07:53:06,349 [WARN] ApiManager:304 - Cannot register API 'Board Extension:S2868A1' from pack STMicroelectronics.X-CUBE-SUBG2.5.0.0: no header file found
2026-09-08 07:53:06,349 [WARN] ApiManager:304 - Cannot register API 'Board Extension:S2868A2' from pack STMicroelectronics.X-CUBE-SUBG2.5.0.0: no header file found
2026-09-08 07:53:06,349 [WARN] ApiManager:304 - Cannot register API 'Board Extension:S2915A1' from pack STMicroelectronics.X-CUBE-SUBG2.5.0.0: no header file found
2026-09-08 07:53:06,482 [WARN] ApiManager:304 - Cannot register API 'Board Extension:IKS02A1' from pack STMicroelectronics.X-CUBE-MEMS1.13.0.0: no header file found
2026-09-08 07:53:06,482 [WARN] ApiManager:304 - Cannot register API 'Board Extension:IKS4A1' from pack STMicroelectronics.X-CUBE-MEMS1.13.0.0: no header file found
2026-09-08 07:53:06,482 [WARN] ApiManager:304 - Cannot register API 'Board Extension:IKS5A1' from pack STMicroelectronics.X-CUBE-MEMS1.13.0.0: no header file found
2026-09-08 07:53:06,493 [WARN] ApiManager:304 - Cannot register API 'Board Extension:NFC07A1' from pack STMicroelectronics.X-CUBE-NFC7.2.0.0: no header file found
2026-09-08 07:53:06,493 [WARN] ApiManager:304 - Cannot register API 'Board Extension:GNSS1A1' from pack STMicroelectronics.X-CUBE-GNSS1.7.1.1: no header file found
2026-09-08 07:53:06,493 [WARN] ApiManager:304 - Cannot register API 'Board Support:Custom' from pack STMicroelectronics.X-CUBE-GNSS1.7.1.1: no header file found
2026-09-08 07:53:06,494 [WARN] ApiManager:304 - Cannot register API 'Data Exchange:lib_gnss' from pack STMicroelectronics.X-CUBE-GNSS1.7.1.1: no header file found
2026-09-08 07:53:06,495 [WARN] ApiManager:304 - Cannot register API 'Board Extension:NFC10A1' from pack STMicroelectronics.X-CUBE-NFC10.1.0.0: no header file found
2026-09-08 07:53:06,496 [WARN] ModelIntegratedComponent:60 - No mode defined for component null
2026-09-08 07:53:06,496 [WARN] ModelIntegratedComponent:60 - No mode defined for component null
2026-09-08 07:53:06,496 [WARN] ModelIntegratedComponent:60 - No mode defined for component null
2026-09-08 07:53:06,496 [WARN] ModelIntegratedComponent:60 - No mode defined for component null
2026-09-08 07:53:06,496 [WARN] ModelIntegratedComponent:60 - No mode defined for component null
2026-09-08 07:53:06,496 [WARN] ModelIntegratedComponent:60 - No mode defined for component null
2026-09-08 07:53:06,496 [WARN] ModelIntegratedComponent:60 - No mode defined for component null
2026-09-08 07:53:06,496 [WARN] ModelIntegratedComponent:60 - No mode defined for component null
2026-09-08 07:53:06,497 [WARN] ModelIntegratedComponent:60 - No mode defined for component null
2026-09-08 07:53:06,497 [WARN] ModelIntegratedComponent:60 - No mode defined for component null
2026-09-08 07:53:06,497 [WARN] ModelIntegratedComponent:60 - No mode defined for component null
2026-09-08 07:53:06,497 [WARN] ModelIntegratedComponent:60 - No mode defined for component null
2026-09-08 07:53:06,497 [WARN] ModelIntegratedComponent:60 - No mode defined for component null
2026-09-08 07:53:06,497 [WARN] ModelIntegratedComponent:60 - No mode defined for component null
2026-09-08 07:53:06,497 [WARN] ModelIntegratedComponent:60 - No mode defined for component null
2026-09-08 07:53:06,497 [WARN] ModelIntegratedComponent:60 - No mode defined for component null
2026-09-08 07:53:06,497 [WARN] ModelIntegratedComponent:60 - No mode defined for component null
2026-09-08 07:53:06,497 [WARN] ModelIntegratedComponent:60 - No mode defined for component null
2026-09-08 07:53:06,497 [WARN] ModelIntegratedComponent:60 - No mode defined for component null
2026-09-08 07:53:06,497 [WARN] ModelIntegratedComponent:60 - No mode defined for component null
2026-09-08 07:53:06,497 [WARN] ModelIntegratedComponent:60 - No mode defined for component null
2026-09-08 07:53:06,497 [WARN] ModelIntegratedComponent:60 - No mode defined for component null
2026-09-08 07:53:06,497 [WARN] ModelIntegratedComponent:60 - No mode defined for component null
2026-09-08 07:53:06,497 [WARN] ModelIntegratedComponent:60 - No mode defined for component null
2026-09-08 07:53:06,497 [WARN] ModelIntegratedComponent:60 - No mode defined for component null
2026-09-08 07:53:06,498 [WARN] ModelIntegratedComponent:60 - No mode defined for component null
2026-09-08 07:53:06,498 [WARN] ModelIntegratedComponent:60 - No mode defined for component null
2026-09-08 07:53:06,498 [WARN] ModelIntegratedComponent:60 - No mode defined for component null
2026-09-08 07:53:06,498 [WARN] ModelIntegratedComponent:60 - No mode defined for component null
2026-09-08 07:53:06,498 [WARN] ModelIntegratedComponent:60 - No mode defined for component null
2026-09-08 07:53:06,498 [WARN] ModelIntegratedComponent:60 - No mode defined for component null
2026-09-08 07:53:06,499 [WARN] ApiManager:304 - Cannot register API 'Board Extension:NFC06A1' from pack STMicroelectronics.X-CUBE-NFC6.3.2.0: no header file found
2026-09-08 07:53:06,499 [WARN] ApiManager:304 - Cannot register API 'Board Extension:NFC08A1' from pack STMicroelectronics.X-CUBE-NFC6.3.2.0: no header file found
2026-09-08 07:53:06,514 [WARN] ApiManager:304 - Cannot register API 'Board Extension:S2868A1' from pack STMicroelectronics.X-CUBE-SFXS2LP1.4.0.0: no header file found
2026-09-08 07:53:06,515 [WARN] ApiManager:304 - Cannot register API 'Board Extension:S2868A2' from pack STMicroelectronics.X-CUBE-SFXS2LP1.4.0.0: no header file found
2026-09-08 07:53:06,515 [WARN] ApiManager:304 - Cannot register API 'Board Extension:S2915A1' from pack STMicroelectronics.X-CUBE-SFXS2LP1.4.0.0: no header file found
2026-09-08 07:53:06,515 [WARN] ApiManager:304 - Cannot register API 'Wireless:BlueNRG-2' from pack STMicroelectronics.X-CUBE-BLE2.3.3.0: no header file found
2026-09-08 07:53:06,516 [WARN] ApiManager:304 - Cannot register API 'Board Extension:NFC13A1' from pack STMicroelectronics.X-CUBE-NFC13.1.0.0: no header file found
2026-09-08 07:53:06,516 [WARN] ApiManager:304 - Cannot register API 'Wireless:STM32WB05N' from pack STMicroelectronics.X-CUBE-WB05N.2.1.0: no header file found
2026-09-08 07:53:08,343 [INFO] UtilMem:74 - End LoadConfig() Used Memory: 940637000 Bytes (1073741824)
2026-09-08 07:53:08,355 [WARN] ThirdParty:779 - waiting for thirdparty lock release [change project]
2026-09-08 07:53:08,355 [INFO] ThirdParty:781 - entering critical section [change project]
2026-09-08 07:53:08,355 [INFO] ThirdParty:967 - CMSIS Pack Vendor :STMicroelectronics X-CUBE-AZRTOS-H7 3.5.0
2026-09-08 07:53:08,355 [INFO] ThirdParty:967 - CMSIS Pack Vendor :STMicroelectronics X-CUBE-PM33A1 1.0.0
2026-09-08 07:53:08,355 [INFO] ThirdParty:967 - CMSIS Pack Vendor :STMicroelectronics X-CUBE-NFC9 1.0.0
2026-09-08 07:53:08,355 [INFO] ThirdParty:967 - CMSIS Pack Vendor :STMicroelectronics USB_HOST 2.0.0
2026-09-08 07:53:08,355 [INFO] ThirdParty:967 - CMSIS Pack Vendor :STMicroelectronics FP-ATR-ASTRA1 2.0.3
2026-09-08 07:53:08,355 [INFO] ThirdParty:967 - CMSIS Pack Vendor :STMicroelectronics X-CUBE-AZRTOS-F4 1.1.0
2026-09-08 07:53:08,356 [INFO] ThirdParty:967 - CMSIS Pack Vendor :STMicroelectronics X-CUBE-BLE1 7.1.0
2026-09-08 07:53:08,356 [INFO] ThirdParty:967 - CMSIS Pack Vendor :wolfSSL I-CUBE-wolfMQTT 1.19.2
2026-09-08 07:53:08,356 [INFO] ThirdParty:967 - CMSIS Pack Vendor :STMicroelectronics USB_DEVICE 3.0.0
2026-09-08 07:53:08,356 [INFO] ThirdParty:967 - CMSIS Pack Vendor :STMicroelectronics X-CUBE-ISPU 2.1.0
2026-09-08 07:53:08,356 [INFO] ThirdParty:967 - CMSIS Pack Vendor :STMicroelectronics X-CUBE-EEPRMA1 5.2.0
2026-09-08 07:53:08,356 [INFO] ThirdParty:967 - CMSIS Pack Vendor :STMicroelectronics X-CUBE-AZRTOS-WB 2.0.0
2026-09-08 07:53:08,356 [INFO] ThirdParty:967 - CMSIS Pack Vendor :STMicroelectronics X-CUBE-NFC12 1.0.0
2026-09-08 07:53:08,356 [INFO] ThirdParty:967 - CMSIS Pack Vendor :STMicroelectronics X-CUBE-AZRTOS-F7 1.1.0
2026-09-08 07:53:08,356 [INFO] ThirdParty:967 - CMSIS Pack Vendor :STMicroelectronics X-CUBE-AZRTOS-L5 2.0.0
2026-09-08 07:53:08,356 [INFO] ThirdParty:967 - CMSIS Pack Vendor :STMicroelectronics USB_DEVICE 2.0.0
2026-09-08 07:53:08,356 [INFO] ThirdParty:967 - CMSIS Pack Vendor :STMicroelectronics X-CUBE-STSE01 2.0.0
2026-09-08 07:53:08,358 [INFO] ThirdParty:967 - CMSIS Pack Vendor :STMicroelectronics X-CUBE-ALGOBUILD 1.5.0
2026-09-08 07:53:08,358 [INFO] ThirdParty:967 - CMSIS Pack Vendor :STMicroelectronics FreeRTOS 0.0.1
2026-09-08 07:53:08,358 [INFO] ThirdParty:967 - CMSIS Pack Vendor :STMicroelectronics X-CUBE-AZRTOS-H7RS 1.3.0
2026-09-08 07:53:08,358 [INFO] ThirdParty:967 - CMSIS Pack Vendor :STMicroelectronics X-CUBE-AZRTOS-G0 1.1.0
2026-09-08 07:53:08,358 [INFO] ThirdParty:967 - CMSIS Pack Vendor :STMicroelectronics X-CUBE-NFC4 3.0.0
2026-09-08 07:53:08,358 [INFO] ThirdParty:967 - CMSIS Pack Vendor :STMicroelectronics X-CUBE-SUBG2 5.0.0
2026-09-08 07:53:08,358 [INFO] ThirdParty:967 - CMSIS Pack Vendor :STMicroelectronics lwIP 2.0.3
2026-09-08 07:53:08,358 [INFO] ThirdParty:967 - CMSIS Pack Vendor :STMicroelectronics X-CUBE-MEMS1 13.0.0
2026-09-08 07:53:08,358 [INFO] ThirdParty:967 - CMSIS Pack Vendor :STMicroelectronics USB_HOST 1.0.0
2026-09-08 07:53:08,358 [INFO] ThirdParty:967 - CMSIS Pack Vendor :STMicroelectronics X-CUBE-AZRTOS-G4 2.0.0
2026-09-08 07:53:08,358 [INFO] ThirdParty:967 - CMSIS Pack Vendor :STMicroelectronics PDM2PCM 3.1.0
2026-09-08 07:53:08,358 [INFO] ThirdParty:967 - CMSIS Pack Vendor :STMicroelectronics PDM2PCM 3.3.0
2026-09-08 07:53:08,358 [INFO] ThirdParty:967 - CMSIS Pack Vendor :wolfSSL I-CUBE-wolfTPM 3.8.0
2026-09-08 07:53:08,358 [INFO] ThirdParty:967 - CMSIS Pack Vendor :wolfSSL I-CUBE-wolfSSH 1.4.20
2026-09-08 07:53:08,358 [INFO] ThirdParty:967 - CMSIS Pack Vendor :STMicroelectronics X-CUBE-NFC7 2.0.0
2026-09-08 07:53:08,358 [INFO] ThirdParty:967 - CMSIS Pack Vendor :STMicroelectronics X-CUBE-GNSS1 7.1.1
2026-09-08 07:53:08,358 [INFO] ThirdParty:967 - CMSIS Pack Vendor :STMicroelectronics FP-ATR-SIGFOX1 3.2.0
2026-09-08 07:53:08,358 [INFO] ThirdParty:967 - CMSIS Pack Vendor :STMicroelectronics X-CUBE-NFC10 1.0.0
2026-09-08 07:53:08,358 [INFO] ThirdParty:967 - CMSIS Pack Vendor :STMicroelectronics HAL Drivers 0.0.0
2026-09-08 07:53:08,359 [INFO] ThirdParty:967 - CMSIS Pack Vendor :STMicroelectronics MBEDTLS 2.16.2
2026-09-08 07:53:08,359 [INFO] ThirdParty:967 - CMSIS Pack Vendor :wolfSSL I-CUBE-wolfSSL 5.9.2
2026-09-08 07:53:08,359 [INFO] ThirdParty:967 - CMSIS Pack Vendor :STMicroelectronics MBEDTLS 2.14.1
2026-09-08 07:53:08,359 [INFO] ThirdParty:967 - CMSIS Pack Vendor :STMicroelectronics X-CUBE-TOUCHGFX 4.26.1
2026-09-08 07:53:08,359 [INFO] ThirdParty:967 - CMSIS Pack Vendor :STMicroelectronics X-CUBE-NFC6 3.2.0
2026-09-08 07:53:08,359 [INFO] ThirdParty:967 - CMSIS Pack Vendor :STMicroelectronics X-CUBE-AI 10.2.1
2026-09-08 07:53:08,359 [INFO] ThirdParty:967 - CMSIS Pack Vendor :STMicroelectronics X-CUBE-AZRTOS-WL 2.0.0
2026-09-08 07:53:08,359 [INFO] ThirdParty:967 - CMSIS Pack Vendor :SEGGER I-CUBE-embOS 1.3.1
2026-09-08 07:53:08,359 [INFO] ThirdParty:967 - CMSIS Pack Vendor :STMicroelectronics USB_DEVICE 1.0.0
2026-09-08 07:53:08,359 [INFO] ThirdParty:967 - CMSIS Pack Vendor :STMicroelectronics X-CUBE-AZRTOS-L4 2.0.0
2026-09-08 07:53:08,359 [INFO] ThirdParty:967 - CMSIS Pack Vendor :STMicroelectronics ThreadX 0.0.2
2026-09-08 07:53:08,359 [INFO] ThirdParty:967 - CMSIS Pack Vendor :STMicroelectronics lwIP 2.1.2
2026-09-08 07:53:08,359 [INFO] ThirdParty:967 - CMSIS Pack Vendor :STMicroelectronics X-CUBE-SFXS2LP1 4.0.0
2026-09-08 07:53:08,359 [INFO] ThirdParty:967 - CMSIS Pack Vendor :STMicroelectronics X-CUBE-BLE2 3.3.0
2026-09-08 07:53:08,359 [INFO] ThirdParty:967 - CMSIS Pack Vendor :STMicroelectronics X-CUBE-NFC13 1.0.0
2026-09-08 07:53:08,359 [INFO] ThirdParty:967 - CMSIS Pack Vendor :STMicroelectronics PDM2PCM 3.2.0
2026-09-08 07:53:08,359 [INFO] ThirdParty:967 - CMSIS Pack Vendor :STMicroelectronics X-CUBE-WB05N 2.1.0
2026-09-08 07:53:08,359 [INFO] ThirdParty:787 - exiting critical section [change project]
2026-09-08 07:53:08,606 [INFO] PinOutPanel:1463 - setPackage(No Configuration,No Configuration)
2026-09-08 07:53:08,607 [INFO] PinOutPanel:1463 - setPackage(STM32F103C6Ux,UFQFPN48)
2026-09-08 07:53:09,030 [INFO] UtilMem:74 - Before build in PCC Used Memory: 944889248 Bytes (1073741824)
2026-09-08 07:53:09,665 [INFO] UtilMem:74 - After build in PCC Used Memory: 934917664 Bytes (1073741824)
2026-09-08 07:53:09,693 [INFO] IPUIPlugin:74 - create IPUIPlugin
2026-09-08 07:53:09,693 [INFO] IPUIPlugin:74 - create IPUIPlugin
2026-09-08 07:53:09,693 [INFO] IPUIPlugin:74 - create IPUIPlugin
2026-09-08 07:53:09,694 [INFO] IPUIPlugin:74 - create IPUIPlugin
2026-09-08 07:53:09,694 [INFO] IPUIPlugin:74 - create IPUIPlugin
2026-09-08 07:53:09,694 [INFO] IPUIPlugin:74 - create IPUIPlugin
2026-09-08 07:53:09,694 [INFO] IPUIPlugin:74 - create IPUIPlugin
2026-09-08 07:53:09,694 [INFO] IPUIPlugin:74 - create IPUIPlugin
2026-09-08 07:53:09,695 [INFO] IPUIPlugin:74 - create IPUIPlugin
2026-09-08 07:53:09,695 [INFO] IPUIPlugin:74 - create IPUIPlugin
2026-09-08 07:53:09,695 [INFO] IPUIPlugin:74 - create IPUIPlugin
2026-09-08 07:53:09,696 [INFO] IPUIPlugin:74 - create IPUIPlugin
2026-09-08 07:53:09,696 [INFO] IPUIPlugin:74 - create IPUIPlugin
2026-09-08 07:53:09,696 [INFO] IPUIPlugin:74 - create IPUIPlugin
2026-09-08 07:53:09,697 [INFO] IPUIPlugin:74 - create IPUIPlugin
2026-09-08 07:53:09,697 [INFO] IPUIPlugin:74 - create IPUIPlugin
2026-09-08 07:53:09,697 [INFO] IPUIPlugin:74 - create IPUIPlugin
2026-09-08 07:53:09,698 [INFO] IPUIPlugin:74 - create IPUIPlugin
2026-09-08 07:53:09,698 [INFO] IPUIPlugin:74 - create IPUIPlugin
2026-09-08 07:53:09,699 [INFO] IPUIPlugin:74 - create IPUIPlugin
2026-09-08 07:53:09,699 [INFO] IPUIPlugin:74 - create IPUIPlugin
2026-09-08 07:53:09,700 [INFO] IPUIPlugin:74 - create IPUIPlugin
2026-09-08 07:53:09,700 [INFO] IPUIPlugin:74 - create IPUIPlugin
2026-09-08 07:53:09,836 [INFO] OpenFileManager:333 - Restore cursor
2026-09-08 07:53:10,151 [INFO] UtilMem:74 - End SaveConfig() Used Memory: 952430240 Bytes (1073741824)
2026-09-08 07:53:10,203 [INFO] UtilMem:74 - End SaveConfig() Used Memory: 965013152 Bytes (1073741824)
2026-09-08 07:53:10,514 [INFO] BlockDiagram:2740 - set Specific Code input for plugin: NVIC
2026-09-08 07:53:10,514 [INFO] BlockDiagram:2740 - set Specific Code input for plugin: SYS
2026-09-08 07:53:10,515 [INFO] BlockDiagram:2740 - set Specific Code input for plugin: RCC
2026-09-08 07:53:10,515 [INFO] CodeGenerator:663 - code generatio: config db path: D:\HuyKhanhGoc\STM1.7\STM32CubeIDE_1.7.0\STM32CubeIDE\plugins\com.st.stm32cube.common.mx_6.3.0.202107141111\\db\
2026-09-08 07:53:10,837 [INFO] CodeEngine:239 - oldGeneratedFile, D:\HuyKhanhGoc\STM32-Lab1\Bai_1\IDE\STM32_project\MXTmpFiles\license.tmp_save
2026-09-08 07:53:11,184 [INFO] CodeEngine:257 - Generated code: D:\HuyKhanhGoc\STM32-Lab1\Bai_1\IDE\STM32_project\MXTmpFiles\license.tmp
2026-09-08 07:53:11,388 [INFO] CodeEngine:239 - oldGeneratedFile, D:\HuyKhanhGoc\STM32-Lab1\Bai_1\IDE\STM32_project\Core\Src\stm32f1xx_it.c_save
2026-09-08 07:53:11,541 [INFO] CodeEngine:257 - Generated code: D:\HuyKhanhGoc\STM32-Lab1\Bai_1\IDE\STM32_project\Core\Src\stm32f1xx_it.c
2026-09-08 07:53:11,555 [INFO] CodeEngine:239 - oldGeneratedFile, D:\HuyKhanhGoc\STM32-Lab1\Bai_1\IDE\STM32_project\Core\Inc\stm32f1xx_it.h_save
2026-09-08 07:53:11,669 [INFO] CodeEngine:257 - Generated code: D:\HuyKhanhGoc\STM32-Lab1\Bai_1\IDE\STM32_project\Core\Inc\stm32f1xx_it.h
2026-09-08 07:53:11,691 [INFO] CodeEngine:239 - oldGeneratedFile, D:\HuyKhanhGoc\STM32-Lab1\Bai_1\IDE\STM32_project\Core\Src\stm32f1xx_hal_msp.c_save
2026-09-08 07:53:12,240 [INFO] CodeEngine:257 - Generated code: D:\HuyKhanhGoc\STM32-Lab1\Bai_1\IDE\STM32_project\Core\Src\stm32f1xx_hal_msp.c
2026-09-08 07:53:12,254 [INFO] CodeEngine:239 - oldGeneratedFile, D:\HuyKhanhGoc\STM32-Lab1\Bai_1\IDE\STM32_project\MXTmpFiles\system.tmp_save
2026-09-08 07:53:12,315 [INFO] CodeEngine:257 - Generated code: D:\HuyKhanhGoc\STM32-Lab1\Bai_1\IDE\STM32_project\MXTmpFiles\system.tmp
2026-09-08 07:53:12,332 [INFO] CodeEngine:239 - oldGeneratedFile, D:\HuyKhanhGoc\STM32-Lab1\Bai_1\IDE\STM32_project\Core\Inc\stm32f1xx_hal_conf.h_save
2026-09-08 07:53:12,410 [INFO] CodeEngine:257 - Generated code: D:\HuyKhanhGoc\STM32-Lab1\Bai_1\IDE\STM32_project\Core\Inc\stm32f1xx_hal_conf.h
2026-09-08 07:53:12,466 [INFO] CodeEngine:239 - oldGeneratedFile, D:\HuyKhanhGoc\STM32-Lab1\Bai_1\IDE\STM32_project\Core\Inc\main.h_save
2026-09-08 07:53:12,555 [INFO] CodeEngine:257 - Generated code: D:\HuyKhanhGoc\STM32-Lab1\Bai_1\IDE\STM32_project\Core\Inc\main.h
2026-09-08 07:53:12,567 [INFO] CodeEngine:239 - oldGeneratedFile, D:\HuyKhanhGoc\STM32-Lab1\Bai_1\IDE\STM32_project\Core\Src\main.c_save
2026-09-08 07:53:12,672 [INFO] CodeEngine:257 - Generated code: D:\HuyKhanhGoc\STM32-Lab1\Bai_1\IDE\STM32_project\Core\Src\main.c
2026-09-08 07:53:13,986 [INFO] ProjectBuilder:2578 - Time for Copy HAL[1] : 100mS.
2026-09-08 07:53:13,994 [INFO] ProjectBuilder:3622 - Project Generator version: 3.14.1
2026-09-08 07:53:14,916 [INFO] ConfigFileManager:1271 - The Die is : DIE412
2026-09-08 07:53:14,940 [INFO] ApiDbMcu:468 - Load IP Config File for FATFS
2026-09-08 07:53:14,974 [INFO] ApiDbMcu:468 - Load IP Config File for FREERTOS
2026-09-08 07:53:15,013 [INFO] ApiDbMcu:468 - Load IP Config File for USB_DEVICE
2026-09-08 07:53:25,305 [INFO] ProjectBuilder:3789 - Time for Generating toolchain IDE Files: 11311mS.
2026-09-08 07:53:25,306 [INFO] ProjectBuilder:2457 - Time for Copy CMSIS : 0mS.
2026-09-08 07:53:25,307 [INFO] ProjectBuilder:2457 - Time for Copy CMSIS : 0mS.
2026-09-08 07:53:29,283 [INFO] McuFinderGlobals:52 - Set McuFinderConnectedMode to true
2026-09-08 07:53:29,285 [INFO] ApiDb:276 - Save user favorites file C:\Users\Admin/.stm32cubeide/favorites.mcus.txt: 0 item(s)
2026-09-08 07:53:29,287 [INFO] ApiDb:280 - User favorites MCUs=[]
2026-09-08 07:54:38,232 [INFO] UtilMem:74 - End SaveConfig() Used Memory: 963087208 Bytes (1073741824)
2026-09-08 07:54:39,860 [INFO] UtilMem:74 - End SaveConfig() Used Memory: 941802736 Bytes (1073741824)
2026-09-08 07:54:42,106 [INFO] UtilMem:74 - End SaveConfig() Used Memory: 959256376 Bytes (1073741824)
2026-09-08 07:54:42,536 [INFO] BlockDiagram:2740 - set Specific Code input for plugin: NVIC
2026-09-08 07:54:42,536 [INFO] BlockDiagram:2740 - set Specific Code input for plugin: SYS
2026-09-08 07:54:42,536 [INFO] BlockDiagram:2740 - set Specific Code input for plugin: GPIO
2026-09-08 07:54:42,536 [INFO] BlockDiagram:2740 - set Specific Code input for plugin: RCC
2026-09-08 07:54:42,539 [INFO] CodeGenerator:663 - code generatio: config db path: D:\HuyKhanhGoc\STM1.7\STM32CubeIDE_1.7.0\STM32CubeIDE\plugins\com.st.stm32cube.common.mx_6.3.0.202107141111\\db\
2026-09-08 07:54:43,302 [INFO] CodeEngine:239 - oldGeneratedFile, D:\HuyKhanhGoc\STM32-Lab1\Bai_1\IDE\STM32_project\MXTmpFiles\license.tmp_save
2026-09-08 07:54:43,368 [INFO] CodeEngine:257 - Generated code: D:\HuyKhanhGoc\STM32-Lab1\Bai_1\IDE\STM32_project\MXTmpFiles\license.tmp
2026-09-08 07:54:43,424 [INFO] CodeEngine:239 - oldGeneratedFile, D:\HuyKhanhGoc\STM32-Lab1\Bai_1\IDE\STM32_project\MXTmpFiles\gpio.tmp_save
2026-09-08 07:54:43,505 [INFO] CodeEngine:257 - Generated code: D:\HuyKhanhGoc\STM32-Lab1\Bai_1\IDE\STM32_project\MXTmpFiles\gpio.tmp
2026-09-08 07:54:43,547 [INFO] CodeEngine:239 - oldGeneratedFile, D:\HuyKhanhGoc\STM32-Lab1\Bai_1\IDE\STM32_project\Core\Src\stm32f1xx_it.c_save
2026-09-08 07:54:43,644 [INFO] CodeEngine:257 - Generated code: D:\HuyKhanhGoc\STM32-Lab1\Bai_1\IDE\STM32_project\Core\Src\stm32f1xx_it.c
2026-09-08 07:54:43,648 [INFO] CodeEngine:239 - oldGeneratedFile, D:\HuyKhanhGoc\STM32-Lab1\Bai_1\IDE\STM32_project\Core\Inc\stm32f1xx_it.h_save
2026-09-08 07:54:43,719 [INFO] CodeEngine:257 - Generated code: D:\HuyKhanhGoc\STM32-Lab1\Bai_1\IDE\STM32_project\Core\Inc\stm32f1xx_it.h
2026-09-08 07:54:43,740 [INFO] CodeEngine:239 - oldGeneratedFile, D:\HuyKhanhGoc\STM32-Lab1\Bai_1\IDE\STM32_project\Core\Src\stm32f1xx_hal_msp.c_save
2026-09-08 07:54:43,879 [INFO] CodeEngine:257 - Generated code: D:\HuyKhanhGoc\STM32-Lab1\Bai_1\IDE\STM32_project\Core\Src\stm32f1xx_hal_msp.c
2026-09-08 07:54:43,881 [INFO] CodeEngine:239 - oldGeneratedFile, D:\HuyKhanhGoc\STM32-Lab1\Bai_1\IDE\STM32_project\MXTmpFiles\system.tmp_save
2026-09-08 07:54:43,943 [INFO] CodeEngine:257 - Generated code: D:\HuyKhanhGoc\STM32-Lab1\Bai_1\IDE\STM32_project\MXTmpFiles\system.tmp
2026-09-08 07:54:43,960 [INFO] CodeEngine:239 - oldGeneratedFile, D:\HuyKhanhGoc\STM32-Lab1\Bai_1\IDE\STM32_project\Core\Inc\stm32f1xx_hal_conf.h_save
2026-09-08 07:54:44,070 [INFO] CodeEngine:257 - Generated code: D:\HuyKhanhGoc\STM32-Lab1\Bai_1\IDE\STM32_project\Core\Inc\stm32f1xx_hal_conf.h
2026-09-08 07:54:44,111 [INFO] CodeEngine:239 - oldGeneratedFile, D:\HuyKhanhGoc\STM32-Lab1\Bai_1\IDE\STM32_project\Core\Inc\main.h_save
2026-09-08 07:54:44,210 [INFO] CodeEngine:257 - Generated code: D:\HuyKhanhGoc\STM32-Lab1\Bai_1\IDE\STM32_project\Core\Inc\main.h
2026-09-08 07:54:44,223 [INFO] CodeEngine:239 - oldGeneratedFile, D:\HuyKhanhGoc\STM32-Lab1\Bai_1\IDE\STM32_project\Core\Src\main.c_save
2026-09-08 07:54:44,356 [INFO] CodeEngine:257 - Generated code: D:\HuyKhanhGoc\STM32-Lab1\Bai_1\IDE\STM32_project\Core\Src\main.c
2026-09-08 07:54:45,608 [INFO] ProjectBuilder:2578 - Time for Copy HAL[1] : 66mS.
2026-09-08 07:54:45,611 [INFO] ProjectBuilder:3622 - Project Generator version: 3.14.1
2026-09-08 07:54:46,496 [INFO] ConfigFileManager:1271 - The Die is : DIE412
2026-09-08 07:54:52,021 [INFO] ProjectBuilder:3789 - Time for Generating toolchain IDE Files: 6410mS.
2026-09-08 07:54:52,023 [INFO] ProjectBuilder:2457 - Time for Copy CMSIS : 0mS.
2026-09-08 07:54:52,028 [INFO] ProjectBuilder:2457 - Time for Copy CMSIS : 0mS.
2026-09-08 15:12:19,377 [INFO] UtilMem:74 - End SaveConfig() Used Memory: 1035778648 Bytes (1073741824)
2026-09-08 15:12:20,754 [INFO] UtilMem:74 - End SaveConfig() Used Memory: 1011968512 Bytes (1073741824)
2026-09-08 15:12:22,105 [INFO] UtilMem:74 - End SaveConfig() Used Memory: 1035138880 Bytes (1073741824)
2026-09-08 15:12:22,373 [INFO] BlockDiagram:2740 - set Specific Code input for plugin: NVIC
2026-09-08 15:12:22,373 [INFO] BlockDiagram:2740 - set Specific Code input for plugin: SYS
2026-09-08 15:12:22,373 [INFO] BlockDiagram:2740 - set Specific Code input for plugin: GPIO
2026-09-08 15:12:22,373 [INFO] BlockDiagram:2740 - set Specific Code input for plugin: RCC
2026-09-08 15:12:22,374 [INFO] CodeGenerator:663 - code generatio: config db path: D:\HuyKhanhGoc\STM1.7\STM32CubeIDE_1.7.0\STM32CubeIDE\plugins\com.st.stm32cube.common.mx_6.3.0.202107141111\\db\
2026-09-08 15:12:23,070 [INFO] CodeEngine:239 - oldGeneratedFile, D:\HuyKhanhGoc\STM32-Lab1\Bai_1\IDE\STM32_project\MXTmpFiles\license.tmp_save
2026-09-08 15:12:23,144 [INFO] CodeEngine:257 - Generated code: D:\HuyKhanhGoc\STM32-Lab1\Bai_1\IDE\STM32_project\MXTmpFiles\license.tmp
2026-09-08 15:12:23,162 [INFO] CodeEngine:239 - oldGeneratedFile, D:\HuyKhanhGoc\STM32-Lab1\Bai_1\IDE\STM32_project\MXTmpFiles\gpio.tmp_save
2026-09-08 15:12:23,217 [INFO] CodeEngine:257 - Generated code: D:\HuyKhanhGoc\STM32-Lab1\Bai_1\IDE\STM32_project\MXTmpFiles\gpio.tmp
2026-09-08 15:12:23,248 [INFO] CodeEngine:239 - oldGeneratedFile, D:\HuyKhanhGoc\STM32-Lab1\Bai_1\IDE\STM32_project\Core\Src\stm32f1xx_it.c_save
2026-09-08 15:12:23,339 [INFO] CodeEngine:257 - Generated code: D:\HuyKhanhGoc\STM32-Lab1\Bai_1\IDE\STM32_project\Core\Src\stm32f1xx_it.c
2026-09-08 15:12:23,357 [INFO] CodeEngine:239 - oldGeneratedFile, D:\HuyKhanhGoc\STM32-Lab1\Bai_1\IDE\STM32_project\Core\Inc\stm32f1xx_it.h_save
2026-09-08 15:12:23,429 [INFO] CodeEngine:257 - Generated code: D:\HuyKhanhGoc\STM32-Lab1\Bai_1\IDE\STM32_project\Core\Inc\stm32f1xx_it.h
2026-09-08 15:12:23,453 [INFO] CodeEngine:239 - oldGeneratedFile, D:\HuyKhanhGoc\STM32-Lab1\Bai_1\IDE\STM32_project\Core\Src\stm32f1xx_hal_msp.c_save
2026-09-08 15:12:23,542 [INFO] CodeEngine:257 - Generated code: D:\HuyKhanhGoc\STM32-Lab1\Bai_1\IDE\STM32_project\Core\Src\stm32f1xx_hal_msp.c
2026-09-08 15:12:23,553 [INFO] CodeEngine:239 - oldGeneratedFile, D:\HuyKhanhGoc\STM32-Lab1\Bai_1\IDE\STM32_project\MXTmpFiles\system.tmp_save
2026-09-08 15:12:23,615 [INFO] CodeEngine:257 - Generated code: D:\HuyKhanhGoc\STM32-Lab1\Bai_1\IDE\STM32_project\MXTmpFiles\system.tmp
2026-09-08 15:12:23,641 [INFO] CodeEngine:239 - oldGeneratedFile, D:\HuyKhanhGoc\STM32-Lab1\Bai_1\IDE\STM32_project\Core\Inc\stm32f1xx_hal_conf.h_save
2026-09-08 15:12:23,734 [INFO] CodeEngine:257 - Generated code: D:\HuyKhanhGoc\STM32-Lab1\Bai_1\IDE\STM32_project\Core\Inc\stm32f1xx_hal_conf.h
2026-09-08 15:12:23,779 [INFO] CodeEngine:239 - oldGeneratedFile, D:\HuyKhanhGoc\STM32-Lab1\Bai_1\IDE\STM32_project\Core\Inc\main.h_save
2026-09-08 15:12:23,854 [INFO] CodeEngine:257 - Generated code: D:\HuyKhanhGoc\STM32-Lab1\Bai_1\IDE\STM32_project\Core\Inc\main.h
2026-09-08 15:12:23,872 [INFO] CodeEngine:239 - oldGeneratedFile, D:\HuyKhanhGoc\STM32-Lab1\Bai_1\IDE\STM32_project\Core\Src\main.c_save
2026-09-08 15:12:23,972 [INFO] CodeEngine:257 - Generated code: D:\HuyKhanhGoc\STM32-Lab1\Bai_1\IDE\STM32_project\Core\Src\main.c
2026-09-08 15:12:25,351 [INFO] ProjectBuilder:2578 - Time for Copy HAL[1] : 87mS.
2026-09-08 15:12:25,354 [INFO] ProjectBuilder:3622 - Project Generator version: 3.14.1
2026-09-08 15:12:26,089 [INFO] ConfigFileManager:1271 - The Die is : DIE412
2026-09-08 15:12:28,028 [INFO] ProjectBuilder:3789 - Time for Generating toolchain IDE Files: 2674mS.
2026-09-08 15:12:28,028 [INFO] ProjectBuilder:2457 - Time for Copy CMSIS : 0mS.
2026-09-08 15:12:28,030 [INFO] ProjectBuilder:2457 - Time for Copy CMSIS : 1mS.
2026-09-09 11:50:01,455 [INFO] Activator:177 - 


2026-09-09 11:50:01,460 [INFO] Activator:178 - !SESSION log4j initialized
