13:21:06 **** Incremental Build of configuration Debug for project STM32_project ****
make -j8 all 
arm-none-eabi-gcc "../Core/Src/main.c" -mcpu=cortex-m3 -std=gnu11 -g3 -DDEBUG -DUSE_HAL_DRIVER -DSTM32F103x6 -c -I../Core/Inc -I../Drivers/STM32F1xx_HAL_Driver/Inc -I../Drivers/STM32F1xx_HAL_Driver/Inc/Legacy -I../Drivers/CMSIS/Device/ST/STM32F1xx/Include -I../Drivers/CMSIS/Include -O0 -ffunction-sections -fdata-sections -Wall -fstack-usage -MMD -MP -MF"Core/Src/main.d" -MT"Core/Src/main.o" --specs=nano.specs -mfloat-abi=soft -mthumb -o "Core/Src/main.o"
arm-none-eabi-gcc -o "STM32_project.elf" @"objects.list"   -mcpu=cortex-m3 -T"D:\HuyKhanhGoc\STM32-Lab1\Bai_tap\IDE\STM32_project\STM32F103C6UX_FLASH.ld" --specs=nosys.specs -Wl,-Map="STM32_project.map" -Wl,--gc-sections -static --specs=nano.specs -mfloat-abi=soft -mthumb -Wl,--start-group -lc -lm -Wl,--end-group
Finished building target: STM32_project.elf
 
arm-none-eabi-size   STM32_project.elf 
arm-none-eabi-objdump -h -S  STM32_project.elf  > "STM32_project.list"
arm-none-eabi-objcopy  -O ihex  STM32_project.elf  "STM32_project.hex"
   text	   data	    bss	    dec	    hex	filename
   5220	     20	   1572	   6812	   1a9c	STM32_project.elf
arm-none-eabi-objcopy  -O binary  STM32_project.elf  "STM32_project.bin"
Finished building: default.size.stdout
 
Finished building: STM32_project.hex
Finished building: STM32_project.bin
 
Finished building: STM32_project.list
 
 

13:21:07 Build Finished. 0 errors, 0 warnings. (took 740ms)

